../Core/Src/main.c:99:5:main	24	static
../Core/Src/main.c:174:6:SystemClock_Config	88	static
../Core/Src/main.c:221:13:MX_LPUART1_UART_Init	8	static
../Core/Src/main.c:268:13:MX_TIM3_Init	56	static
../Core/Src/main.c:317:13:MX_TIM4_Init	64	static
../Core/Src/main.c:381:13:MX_TIM5_Init	40	static
../Core/Src/main.c:426:13:MX_GPIO_Init	48	static
../Core/Src/main.c:463:6:HAL_TIM_PeriodElapsedCallback	24	static
../Core/Src/main.c:472:10:Micros	40	static
../Core/Src/main.c:481:6:QEIEncoderPosVel_Update	24	static
../Core/Src/main.c:508:6:Error_Handler	4	static,ignoring_inline_asm
