15:46:00 **** Incremental Build of configuration Debug for project stubeef ****
make -j16 all 
arm-none-eabi-gcc "../Core/Src/main.c" -mcpu=cortex-m4 -std=gnu11 -g3 -DDEBUG -DUSE_HAL_DRIVER -DSTM32G474xx -c -I../Core/Inc -I../Drivers/STM32G4xx_HAL_Driver/Inc -I../Drivers/STM32G4xx_HAL_Driver/Inc/Legacy -I../Drivers/CMSIS/Device/ST/STM32G4xx/Include -I../Drivers/CMSIS/Include -I../Middlewares/Third_Party/ARM_CMSIS/CMSIS/Core/Include/ -I../Middlewares/Third_Party/ARM_CMSIS/PrivateInclude/ -I../Middlewares/Third_Party/ARM_CMSIS/Include/ -I../Middlewares/Third_Party/ARM_CMSIS/Include -I"D:/KMUTT/FIBO/year 2/2/FRA262/stubeef-Firmware/Firmware/stubeef/Source/BasicMathFunctions" -I"D:/KMUTT/FIBO/year 2/2/FRA262/stubeef-Firmware/Firmware/stubeef/Source/BayesFunctions" -I"D:/KMUTT/FIBO/year 2/2/FRA262/stubeef-Firmware/Firmware/stubeef/Source/CommonTables" -I"D:/KMUTT/FIBO/year 2/2/FRA262/stubeef-Firmware/Firmware/stubeef/Source/ComplexMathFunctions" -I"D:/KMUTT/FIBO/year 2/2/FRA262/stubeef-Firmware/Firmware/stubeef/Source/ControllerFunctions" -I"D:/KMUTT/FIBO/year 2/2/FRA262/stubeef-Firmware/Firmware/stubeef/Source/DistanceFunctions" -I"D:/KMUTT/FIBO/year 2/2/FRA262/stubeef-Firmware/Firmware/stubeef/Source/FastMathFunctions" -I"D:/KMUTT/FIBO/year 2/2/FRA262/stubeef-Firmware/Firmware/stubeef/Source/FilteringFunctions" -I"D:/KMUTT/FIBO/year 2/2/FRA262/stubeef-Firmware/Firmware/stubeef/Source/InterpolationFunctions" -I"D:/KMUTT/FIBO/year 2/2/FRA262/stubeef-Firmware/Firmware/stubeef/Source/MatrixFunctions" -I"D:/KMUTT/FIBO/year 2/2/FRA262/stubeef-Firmware/Firmware/stubeef/Source/QuaternionMathFunctions" -I"D:/KMUTT/FIBO/year 2/2/FRA262/stubeef-Firmware/Firmware/stubeef/Source/StatisticsFunctions" -I"D:/KMUTT/FIBO/year 2/2/FRA262/stubeef-Firmware/Firmware/stubeef/Source/SupportFunctions" -I"D:/KMUTT/FIBO/year 2/2/FRA262/stubeef-Firmware/Firmware/stubeef/Source/SVMFunctions" -I"D:/KMUTT/FIBO/year 2/2/FRA262/stubeef-Firmware/Firmware/stubeef/Source/TransformFunctions" -I"D:/KMUTT/FIBO/year 2/2/FRA262/stubeef-Firmware/Firmware/stubeef/Source/WindowFunctions" -O0 -ffunction-sections -fdata-sections -Wall -fstack-usage -fcyclomatic-complexity -MMD -MP -MF"Core/Src/main.d" -MT"Core/Src/main.o" --specs=nano.specs -mfpu=fpv4-sp-d16 -mfloat-abi=hard -mthumb -o "Core/Src/main.o"
arm-none-eabi-gcc -o "stubeef.elf" @"objects.list"   -mcpu=cortex-m4 -T"D:\KMUTT\FIBO\year 2\2\FRA262\stubeef-Firmware\Firmware\stubeef\STM32G474RETX_FLASH.ld" --specs=nosys.specs -Wl,-Map="stubeef.map" -Wl,--gc-sections -static --specs=nano.specs -mfpu=fpv4-sp-d16 -mfloat-abi=hard -mthumb -Wl,--start-group -lc -lm -Wl,--end-group
C:/ST/STM32CubeIDE_1.13.2/STM32CubeIDE/plugins/com.st.stm32cube.ide.mcu.externaltools.gnu-tools-for-stm32.12.3.rel1.win32_1.0.100.202403111256/tools/bin/../lib/gcc/arm-none-eabi/12.3.1/../../../../arm-none-eabi/bin/ld.exe: warning: stubeef.elf has a LOAD segment with RWX permissions
Finished building target: stubeef.elf
 
arm-none-eabi-size  stubeef.elf 
arm-none-eabi-objdump -h -S stubeef.elf  > "stubeef.list"
   text	   data	    bss	    dec	    hex	filename
  24352	     24	   2208	  26584	   67d8	stubeef.elf
Finished building: default.size.stdout
 
Finished building: stubeef.list
 
15:46:10 **** Incremental Build of configuration Debug for project stubeef ****
make -j16 all 
arm-none-eabi-size  stubeef.elf 
   text	   data	    bss	    dec	    hex	filename
  24352	     24	   2208	  26584	   67d8	stubeef.elf
Finished building: default.size.stdout
 
15:47:38 **** Incremental Build of configuration Debug for project stubeef ****
make -j16 all 
arm-none-eabi-size  stubeef.elf 
   text	   data	    bss	    dec	    hex	filename
  24352	     24	   2208	  26584	   67d8	stubeef.elf
Finished building: default.size.stdout
 
15:49:32 **** Incremental Build of configuration Debug for project stubeef ****
make -j16 all 
arm-none-eabi-gcc "../Core/Src/main.c" -mcpu=cortex-m4 -std=gnu11 -g3 -DDEBUG -DUSE_HAL_DRIVER -DSTM32G474xx -c -I../Core/Inc -I../Drivers/STM32G4xx_HAL_Driver/Inc -I../Drivers/STM32G4xx_HAL_Driver/Inc/Legacy -I../Drivers/CMSIS/Device/ST/STM32G4xx/Include -I../Drivers/CMSIS/Include -I../Middlewares/Third_Party/ARM_CMSIS/CMSIS/Core/Include/ -I../Middlewares/Third_Party/ARM_CMSIS/PrivateInclude/ -I../Middlewares/Third_Party/ARM_CMSIS/Include/ -I../Middlewares/Third_Party/ARM_CMSIS/Include -I"D:/KMUTT/FIBO/year 2/2/FRA262/stubeef-Firmware/Firmware/stubeef/Source/BasicMathFunctions" -I"D:/KMUTT/FIBO/year 2/2/FRA262/stubeef-Firmware/Firmware/stubeef/Source/BayesFunctions" -I"D:/KMUTT/FIBO/year 2/2/FRA262/stubeef-Firmware/Firmware/stubeef/Source/CommonTables" -I"D:/KMUTT/FIBO/year 2/2/FRA262/stubeef-Firmware/Firmware/stubeef/Source/ComplexMathFunctions" -I"D:/KMUTT/FIBO/year 2/2/FRA262/stubeef-Firmware/Firmware/stubeef/Source/ControllerFunctions" -I"D:/KMUTT/FIBO/year 2/2/FRA262/stubeef-Firmware/Firmware/stubeef/Source/DistanceFunctions" -I"D:/KMUTT/FIBO/year 2/2/FRA262/stubeef-Firmware/Firmware/stubeef/Source/FastMathFunctions" -I"D:/KMUTT/FIBO/year 2/2/FRA262/stubeef-Firmware/Firmware/stubeef/Source/FilteringFunctions" -I"D:/KMUTT/FIBO/year 2/2/FRA262/stubeef-Firmware/Firmware/stubeef/Source/InterpolationFunctions" -I"D:/KMUTT/FIBO/year 2/2/FRA262/stubeef-Firmware/Firmware/stubeef/Source/MatrixFunctions" -I"D:/KMUTT/FIBO/year 2/2/FRA262/stubeef-Firmware/Firmware/stubeef/Source/QuaternionMathFunctions" -I"D:/KMUTT/FIBO/year 2/2/FRA262/stubeef-Firmware/Firmware/stubeef/Source/StatisticsFunctions" -I"D:/KMUTT/FIBO/year 2/2/FRA262/stubeef-Firmware/Firmware/stubeef/Source/SupportFunctions" -I"D:/KMUTT/FIBO/year 2/2/FRA262/stubeef-Firmware/Firmware/stubeef/Source/SVMFunctions" -I"D:/KMUTT/FIBO/year 2/2/FRA262/stubeef-Firmware/Firmware/stubeef/Source/TransformFunctions" -I"D:/KMUTT/FIBO/year 2/2/FRA262/stubeef-Firmware/Firmware/stubeef/Source/WindowFunctions" -O0 -ffunction-sections -fdata-sections -Wall -fstack-usage -fcyclomatic-complexity -MMD -MP -MF"Core/Src/main.d" -MT"Core/Src/main.o" --specs=nano.specs -mfpu=fpv4-sp-d16 -mfloat-abi=hard -mthumb -o "Core/Src/main.o"
arm-none-eabi-gcc -o "stubeef.elf" @"objects.list"   -mcpu=cortex-m4 -T"D:\KMUTT\FIBO\year 2\2\FRA262\stubeef-Firmware\Firmware\stubeef\STM32G474RETX_FLASH.ld" --specs=nosys.specs -Wl,-Map="stubeef.map" -Wl,--gc-sections -static --specs=nano.specs -mfpu=fpv4-sp-d16 -mfloat-abi=hard -mthumb -Wl,--start-group -lc -lm -Wl,--end-group
C:/ST/STM32CubeIDE_1.13.2/STM32CubeIDE/plugins/com.st.stm32cube.ide.mcu.externaltools.gnu-tools-for-stm32.12.3.rel1.win32_1.0.100.202403111256/tools/bin/../lib/gcc/arm-none-eabi/12.3.1/../../../../arm-none-eabi/bin/ld.exe: warning: stubeef.elf has a LOAD segment with RWX permissions
Finished building target: stubeef.elf
 
arm-none-eabi-size  stubeef.elf 
arm-none-eabi-objdump -h -S stubeef.elf  > "stubeef.list"
   text	   data	    bss	    dec	    hex	filename
  24344	     24	   2208	  26576	   67d0	stubeef.elf
Finished building: default.size.stdout
 
Finished building: stubeef.list
 
15:49:49 **** Incremental Build of configuration Debug for project stubeef ****
make -j16 all 
arm-none-eabi-gcc "../Core/Src/main.c" -mcpu=cortex-m4 -std=gnu11 -g3 -DDEBUG -DUSE_HAL_DRIVER -DSTM32G474xx -c -I../Core/Inc -I../Drivers/STM32G4xx_HAL_Driver/Inc -I../Drivers/STM32G4xx_HAL_Driver/Inc/Legacy -I../Drivers/CMSIS/Device/ST/STM32G4xx/Include -I../Drivers/CMSIS/Include -I../Middlewares/Third_Party/ARM_CMSIS/CMSIS/Core/Include/ -I../Middlewares/Third_Party/ARM_CMSIS/PrivateInclude/ -I../Middlewares/Third_Party/ARM_CMSIS/Include/ -I../Middlewares/Third_Party/ARM_CMSIS/Include -I"D:/KMUTT/FIBO/year 2/2/FRA262/stubeef-Firmware/Firmware/stubeef/Source/BasicMathFunctions" -I"D:/KMUTT/FIBO/year 2/2/FRA262/stubeef-Firmware/Firmware/stubeef/Source/BayesFunctions" -I"D:/KMUTT/FIBO/year 2/2/FRA262/stubeef-Firmware/Firmware/stubeef/Source/CommonTables" -I"D:/KMUTT/FIBO/year 2/2/FRA262/stubeef-Firmware/Firmware/stubeef/Source/ComplexMathFunctions" -I"D:/KMUTT/FIBO/year 2/2/FRA262/stubeef-Firmware/Firmware/stubeef/Source/ControllerFunctions" -I"D:/KMUTT/FIBO/year 2/2/FRA262/stubeef-Firmware/Firmware/stubeef/Source/DistanceFunctions" -I"D:/KMUTT/FIBO/year 2/2/FRA262/stubeef-Firmware/Firmware/stubeef/Source/FastMathFunctions" -I"D:/KMUTT/FIBO/year 2/2/FRA262/stubeef-Firmware/Firmware/stubeef/Source/FilteringFunctions" -I"D:/KMUTT/FIBO/year 2/2/FRA262/stubeef-Firmware/Firmware/stubeef/Source/InterpolationFunctions" -I"D:/KMUTT/FIBO/year 2/2/FRA262/stubeef-Firmware/Firmware/stubeef/Source/MatrixFunctions" -I"D:/KMUTT/FIBO/year 2/2/FRA262/stubeef-Firmware/Firmware/stubeef/Source/QuaternionMathFunctions" -I"D:/KMUTT/FIBO/year 2/2/FRA262/stubeef-Firmware/Firmware/stubeef/Source/StatisticsFunctions" -I"D:/KMUTT/FIBO/year 2/2/FRA262/stubeef-Firmware/Firmware/stubeef/Source/SupportFunctions" -I"D:/KMUTT/FIBO/year 2/2/FRA262/stubeef-Firmware/Firmware/stubeef/Source/SVMFunctions" -I"D:/KMUTT/FIBO/year 2/2/FRA262/stubeef-Firmware/Firmware/stubeef/Source/TransformFunctions" -I"D:/KMUTT/FIBO/year 2/2/FRA262/stubeef-Firmware/Firmware/stubeef/Source/WindowFunctions" -O0 -ffunction-sections -fdata-sections -Wall -fstack-usage -fcyclomatic-complexity -MMD -MP -MF"Core/Src/main.d" -MT"Core/Src/main.o" --specs=nano.specs -mfpu=fpv4-sp-d16 -mfloat-abi=hard -mthumb -o "Core/Src/main.o"
arm-none-eabi-gcc -o "stubeef.elf" @"objects.list"   -mcpu=cortex-m4 -T"D:\KMUTT\FIBO\year 2\2\FRA262\stubeef-Firmware\Firmware\stubeef\STM32G474RETX_FLASH.ld" --specs=nosys.specs -Wl,-Map="stubeef.map" -Wl,--gc-sections -static --specs=nano.specs -mfpu=fpv4-sp-d16 -mfloat-abi=hard -mthumb -Wl,--start-group -lc -lm -Wl,--end-group
C:/ST/STM32CubeIDE_1.13.2/STM32CubeIDE/plugins/com.st.stm32cube.ide.mcu.externaltools.gnu-tools-for-stm32.12.3.rel1.win32_1.0.100.202403111256/tools/bin/../lib/gcc/arm-none-eabi/12.3.1/../../../../arm-none-eabi/bin/ld.exe: warning: stubeef.elf has a LOAD segment with RWX permissions
Finished building target: stubeef.elf
 
arm-none-eabi-size  stubeef.elf 
arm-none-eabi-objdump -h -S stubeef.elf  > "stubeef.list"
   text	   data	    bss	    dec	    hex	filename
  24336	     24	   2208	  26568	   67c8	stubeef.elf
Finished building: default.size.stdout
 
Finished building: stubeef.list
 
15:50:45 **** Incremental Build of configuration Debug for project stubeef ****
make -j16 all 
arm-none-eabi-size  stubeef.elf 
   text	   data	    bss	    dec	    hex	filename
  24336	     24	   2208	  26568	   67c8	stubeef.elf
Finished building: default.size.stdout
 
15:58:27 **** Incremental Build of configuration Debug for project stubeef ****
make -j16 all 
arm-none-eabi-gcc "../Core/Src/main.c" -mcpu=cortex-m4 -std=gnu11 -g3 -DDEBUG -DUSE_HAL_DRIVER -DSTM32G474xx -c -I../Core/Inc -I../Drivers/STM32G4xx_HAL_Driver/Inc -I../Drivers/STM32G4xx_HAL_Driver/Inc/Legacy -I../Drivers/CMSIS/Device/ST/STM32G4xx/Include -I../Drivers/CMSIS/Include -I../Middlewares/Third_Party/ARM_CMSIS/CMSIS/Core/Include/ -I../Middlewares/Third_Party/ARM_CMSIS/PrivateInclude/ -I../Middlewares/Third_Party/ARM_CMSIS/Include/ -I../Middlewares/Third_Party/ARM_CMSIS/Include -I"D:/KMUTT/FIBO/year 2/2/FRA262/stubeef-Firmware/Firmware/stubeef/Source/BasicMathFunctions" -I"D:/KMUTT/FIBO/year 2/2/FRA262/stubeef-Firmware/Firmware/stubeef/Source/BayesFunctions" -I"D:/KMUTT/FIBO/year 2/2/FRA262/stubeef-Firmware/Firmware/stubeef/Source/CommonTables" -I"D:/KMUTT/FIBO/year 2/2/FRA262/stubeef-Firmware/Firmware/stubeef/Source/ComplexMathFunctions" -I"D:/KMUTT/FIBO/year 2/2/FRA262/stubeef-Firmware/Firmware/stubeef/Source/ControllerFunctions" -I"D:/KMUTT/FIBO/year 2/2/FRA262/stubeef-Firmware/Firmware/stubeef/Source/DistanceFunctions" -I"D:/KMUTT/FIBO/year 2/2/FRA262/stubeef-Firmware/Firmware/stubeef/Source/FastMathFunctions" -I"D:/KMUTT/FIBO/year 2/2/FRA262/stubeef-Firmware/Firmware/stubeef/Source/FilteringFunctions" -I"D:/KMUTT/FIBO/year 2/2/FRA262/stubeef-Firmware/Firmware/stubeef/Source/InterpolationFunctions" -I"D:/KMUTT/FIBO/year 2/2/FRA262/stubeef-Firmware/Firmware/stubeef/Source/MatrixFunctions" -I"D:/KMUTT/FIBO/year 2/2/FRA262/stubeef-Firmware/Firmware/stubeef/Source/QuaternionMathFunctions" -I"D:/KMUTT/FIBO/year 2/2/FRA262/stubeef-Firmware/Firmware/stubeef/Source/StatisticsFunctions" -I"D:/KMUTT/FIBO/year 2/2/FRA262/stubeef-Firmware/Firmware/stubeef/Source/SupportFunctions" -I"D:/KMUTT/FIBO/year 2/2/FRA262/stubeef-Firmware/Firmware/stubeef/Source/SVMFunctions" -I"D:/KMUTT/FIBO/year 2/2/FRA262/stubeef-Firmware/Firmware/stubeef/Source/TransformFunctions" -I"D:/KMUTT/FIBO/year 2/2/FRA262/stubeef-Firmware/Firmware/stubeef/Source/WindowFunctions" -O0 -ffunction-sections -fdata-sections -Wall -fstack-usage -fcyclomatic-complexity -MMD -MP -MF"Core/Src/main.d" -MT"Core/Src/main.o" --specs=nano.specs -mfpu=fpv4-sp-d16 -mfloat-abi=hard -mthumb -o "Core/Src/main.o"
arm-none-eabi-gcc -o "stubeef.elf" @"objects.list"   -mcpu=cortex-m4 -T"D:\KMUTT\FIBO\year 2\2\FRA262\stubeef-Firmware\Firmware\stubeef\STM32G474RETX_FLASH.ld" --specs=nosys.specs -Wl,-Map="stubeef.map" -Wl,--gc-sections -static --specs=nano.specs -mfpu=fpv4-sp-d16 -mfloat-abi=hard -mthumb -Wl,--start-group -lc -lm -Wl,--end-group
C:/ST/STM32CubeIDE_1.13.2/STM32CubeIDE/plugins/com.st.stm32cube.ide.mcu.externaltools.gnu-tools-for-stm32.12.3.rel1.win32_1.0.100.202403111256/tools/bin/../lib/gcc/arm-none-eabi/12.3.1/../../../../arm-none-eabi/bin/ld.exe: warning: stubeef.elf has a LOAD segment with RWX permissions
Finished building target: stubeef.elf
 
arm-none-eabi-size  stubeef.elf 
arm-none-eabi-objdump -h -S stubeef.elf  > "stubeef.list"
   text	   data	    bss	    dec	    hex	filename
  24376	     24	   2216	  26616	   67f8	stubeef.elf
Finished building: default.size.stdout
 
Finished building: stubeef.list
 
16:01:53 **** Incremental Build of configuration Debug for project stubeef ****
make -j16 all 
arm-none-eabi-gcc "../Core/Src/main.c" -mcpu=cortex-m4 -std=gnu11 -g3 -DDEBUG -DUSE_HAL_DRIVER -DSTM32G474xx -c -I../Core/Inc -I../Drivers/STM32G4xx_HAL_Driver/Inc -I../Drivers/STM32G4xx_HAL_Driver/Inc/Legacy -I../Drivers/CMSIS/Device/ST/STM32G4xx/Include -I../Drivers/CMSIS/Include -I../Middlewares/Third_Party/ARM_CMSIS/CMSIS/Core/Include/ -I../Middlewares/Third_Party/ARM_CMSIS/PrivateInclude/ -I../Middlewares/Third_Party/ARM_CMSIS/Include/ -I../Middlewares/Third_Party/ARM_CMSIS/Include -I"D:/KMUTT/FIBO/year 2/2/FRA262/stubeef-Firmware/Firmware/stubeef/Source/BasicMathFunctions" -I"D:/KMUTT/FIBO/year 2/2/FRA262/stubeef-Firmware/Firmware/stubeef/Source/BayesFunctions" -I"D:/KMUTT/FIBO/year 2/2/FRA262/stubeef-Firmware/Firmware/stubeef/Source/CommonTables" -I"D:/KMUTT/FIBO/year 2/2/FRA262/stubeef-Firmware/Firmware/stubeef/Source/ComplexMathFunctions" -I"D:/KMUTT/FIBO/year 2/2/FRA262/stubeef-Firmware/Firmware/stubeef/Source/ControllerFunctions" -I"D:/KMUTT/FIBO/year 2/2/FRA262/stubeef-Firmware/Firmware/stubeef/Source/DistanceFunctions" -I"D:/KMUTT/FIBO/year 2/2/FRA262/stubeef-Firmware/Firmware/stubeef/Source/FastMathFunctions" -I"D:/KMUTT/FIBO/year 2/2/FRA262/stubeef-Firmware/Firmware/stubeef/Source/FilteringFunctions" -I"D:/KMUTT/FIBO/year 2/2/FRA262/stubeef-Firmware/Firmware/stubeef/Source/InterpolationFunctions" -I"D:/KMUTT/FIBO/year 2/2/FRA262/stubeef-Firmware/Firmware/stubeef/Source/MatrixFunctions" -I"D:/KMUTT/FIBO/year 2/2/FRA262/stubeef-Firmware/Firmware/stubeef/Source/QuaternionMathFunctions" -I"D:/KMUTT/FIBO/year 2/2/FRA262/stubeef-Firmware/Firmware/stubeef/Source/StatisticsFunctions" -I"D:/KMUTT/FIBO/year 2/2/FRA262/stubeef-Firmware/Firmware/stubeef/Source/SupportFunctions" -I"D:/KMUTT/FIBO/year 2/2/FRA262/stubeef-Firmware/Firmware/stubeef/Source/SVMFunctions" -I"D:/KMUTT/FIBO/year 2/2/FRA262/stubeef-Firmware/Firmware/stubeef/Source/TransformFunctions" -I"D:/KMUTT/FIBO/year 2/2/FRA262/stubeef-Firmware/Firmware/stubeef/Source/WindowFunctions" -O0 -ffunction-sections -fdata-sections -Wall -fstack-usage -fcyclomatic-complexity -MMD -MP -MF"Core/Src/main.d" -MT"Core/Src/main.o" --specs=nano.specs -mfpu=fpv4-sp-d16 -mfloat-abi=hard -mthumb -o "Core/Src/main.o"
arm-none-eabi-gcc -o "stubeef.elf" @"objects.list"   -mcpu=cortex-m4 -T"D:\KMUTT\FIBO\year 2\2\FRA262\stubeef-Firmware\Firmware\stubeef\STM32G474RETX_FLASH.ld" --specs=nosys.specs -Wl,-Map="stubeef.map" -Wl,--gc-sections -static --specs=nano.specs -mfpu=fpv4-sp-d16 -mfloat-abi=hard -mthumb -Wl,--start-group -lc -lm -Wl,--end-group
C:/ST/STM32CubeIDE_1.13.2/STM32CubeIDE/plugins/com.st.stm32cube.ide.mcu.externaltools.gnu-tools-for-stm32.12.3.rel1.win32_1.0.100.202403111256/tools/bin/../lib/gcc/arm-none-eabi/12.3.1/../../../../arm-none-eabi/bin/ld.exe: warning: stubeef.elf has a LOAD segment with RWX permissions
Finished building target: stubeef.elf
 
arm-none-eabi-size  stubeef.elf 
arm-none-eabi-objdump -h -S stubeef.elf  > "stubeef.list"
   text	   data	    bss	    dec	    hex	filename
  24424	     24	   2216	  26664	   6828	stubeef.elf
Finished building: default.size.stdout
 
Finished building: stubeef.list
 
16:04:56 **** Build of configuration Debug for project Encoder ****
make -j16 all 
arm-none-eabi-gcc "../Drivers/STM32G4xx_HAL_Driver/Src/stm32g4xx_hal.c" -mcpu=cortex-m4 -std=gnu11 -g3 -DDEBUG -DUSE_HAL_DRIVER -DSTM32G474xx -c -I../Core/Inc -I../Drivers/STM32G4xx_HAL_Driver/Inc -I../Drivers/STM32G4xx_HAL_Driver/Inc/Legacy -I../Drivers/CMSIS/Device/ST/STM32G4xx/Include -I../Drivers/CMSIS/Include -O0 -ffunction-sections -fdata-sections -Wall -fstack-usage -fcyclomatic-complexity -MMD -MP -MF"Drivers/STM32G4xx_HAL_Driver/Src/stm32g4xx_hal.d" -MT"Drivers/STM32G4xx_HAL_Driver/Src/stm32g4xx_hal.o" --specs=nano.specs -mfpu=fpv4-sp-d16 -mfloat-abi=hard -mthumb -o "Drivers/STM32G4xx_HAL_Driver/Src/stm32g4xx_hal.o"
arm-none-eabi-gcc "../Drivers/STM32G4xx_HAL_Driver/Src/stm32g4xx_hal_cortex.c" -mcpu=cortex-m4 -std=gnu11 -g3 -DDEBUG -DUSE_HAL_DRIVER -DSTM32G474xx -c -I../Core/Inc -I../Drivers/STM32G4xx_HAL_Driver/Inc -I../Drivers/STM32G4xx_HAL_Driver/Inc/Legacy -I../Drivers/CMSIS/Device/ST/STM32G4xx/Include -I../Drivers/CMSIS/Include -O0 -ffunction-sections -fdata-sections -Wall -fstack-usage -fcyclomatic-complexity -MMD -MP -MF"Drivers/STM32G4xx_HAL_Driver/Src/stm32g4xx_hal_cortex.d" -MT"Drivers/STM32G4xx_HAL_Driver/Src/stm32g4xx_hal_cortex.o" --specs=nano.specs -mfpu=fpv4-sp-d16 -mfloat-abi=hard -mthumb -o "Drivers/STM32G4xx_HAL_Driver/Src/stm32g4xx_hal_cortex.o"
arm-none-eabi-gcc "../Drivers/STM32G4xx_HAL_Driver/Src/stm32g4xx_hal_dma.c" -mcpu=cortex-m4 -std=gnu11 -g3 -DDEBUG -DUSE_HAL_DRIVER -DSTM32G474xx -c -I../Core/Inc -I../Drivers/STM32G4xx_HAL_Driver/Inc -I../Drivers/STM32G4xx_HAL_Driver/Inc/Legacy -I../Drivers/CMSIS/Device/ST/STM32G4xx/Include -I../Drivers/CMSIS/Include -O0 -ffunction-sections -fdata-sections -Wall -fstack-usage -fcyclomatic-complexity -MMD -MP -MF"Drivers/STM32G4xx_HAL_Driver/Src/stm32g4xx_hal_dma.d" -MT"Drivers/STM32G4xx_HAL_Driver/Src/stm32g4xx_hal_dma.o" --specs=nano.specs -mfpu=fpv4-sp-d16 -mfloat-abi=hard -mthumb -o "Drivers/STM32G4xx_HAL_Driver/Src/stm32g4xx_hal_dma.o"
arm-none-eabi-gcc "../Drivers/STM32G4xx_HAL_Driver/Src/stm32g4xx_hal_dma_ex.c" -mcpu=cortex-m4 -std=gnu11 -g3 -DDEBUG -DUSE_HAL_DRIVER -DSTM32G474xx -c -I../Core/Inc -I../Drivers/STM32G4xx_HAL_Driver/Inc -I../Drivers/STM32G4xx_HAL_Driver/Inc/Legacy -I../Drivers/CMSIS/Device/ST/STM32G4xx/Include -I../Drivers/CMSIS/Include -O0 -ffunction-sections -fdata-sections -Wall -fstack-usage -fcyclomatic-complexity -MMD -MP -MF"Drivers/STM32G4xx_HAL_Driver/Src/stm32g4xx_hal_dma_ex.d" -MT"Drivers/STM32G4xx_HAL_Driver/Src/stm32g4xx_hal_dma_ex.o" --specs=nano.specs -mfpu=fpv4-sp-d16 -mfloat-abi=hard -mthumb -o "Drivers/STM32G4xx_HAL_Driver/Src/stm32g4xx_hal_dma_ex.o"
arm-none-eabi-gcc "../Drivers/STM32G4xx_HAL_Driver/Src/stm32g4xx_hal_exti.c" -mcpu=cortex-m4 -std=gnu11 -g3 -DDEBUG -DUSE_HAL_DRIVER -DSTM32G474xx -c -I../Core/Inc -I../Drivers/STM32G4xx_HAL_Driver/Inc -I../Drivers/STM32G4xx_HAL_Driver/Inc/Legacy -I../Drivers/CMSIS/Device/ST/STM32G4xx/Include -I../Drivers/CMSIS/Include -O0 -ffunction-sections -fdata-sections -Wall -fstack-usage -fcyclomatic-complexity -MMD -MP -MF"Drivers/STM32G4xx_HAL_Driver/Src/stm32g4xx_hal_exti.d" -MT"Drivers/STM32G4xx_HAL_Driver/Src/stm32g4xx_hal_exti.o" --specs=nano.specs -mfpu=fpv4-sp-d16 -mfloat-abi=hard -mthumb -o "Drivers/STM32G4xx_HAL_Driver/Src/stm32g4xx_hal_exti.o"
arm-none-eabi-gcc "../Drivers/STM32G4xx_HAL_Driver/Src/stm32g4xx_hal_flash.c" -mcpu=cortex-m4 -std=gnu11 -g3 -DDEBUG -DUSE_HAL_DRIVER -DSTM32G474xx -c -I../Core/Inc -I../Drivers/STM32G4xx_HAL_Driver/Inc -I../Drivers/STM32G4xx_HAL_Driver/Inc/Legacy -I../Drivers/CMSIS/Device/ST/STM32G4xx/Include -I../Drivers/CMSIS/Include -O0 -ffunction-sections -fdata-sections -Wall -fstack-usage -fcyclomatic-complexity -MMD -MP -MF"Drivers/STM32G4xx_HAL_Driver/Src/stm32g4xx_hal_flash.d" -MT"Drivers/STM32G4xx_HAL_Driver/Src/stm32g4xx_hal_flash.o" --specs=nano.specs -mfpu=fpv4-sp-d16 -mfloat-abi=hard -mthumb -o "Drivers/STM32G4xx_HAL_Driver/Src/stm32g4xx_hal_flash.o"
arm-none-eabi-gcc "../Drivers/STM32G4xx_HAL_Driver/Src/stm32g4xx_hal_flash_ex.c" -mcpu=cortex-m4 -std=gnu11 -g3 -DDEBUG -DUSE_HAL_DRIVER -DSTM32G474xx -c -I../Core/Inc -I../Drivers/STM32G4xx_HAL_Driver/Inc -I../Drivers/STM32G4xx_HAL_Driver/Inc/Legacy -I../Drivers/CMSIS/Device/ST/STM32G4xx/Include -I../Drivers/CMSIS/Include -O0 -ffunction-sections -fdata-sections -Wall -fstack-usage -fcyclomatic-complexity -MMD -MP -MF"Drivers/STM32G4xx_HAL_Driver/Src/stm32g4xx_hal_flash_ex.d" -MT"Drivers/STM32G4xx_HAL_Driver/Src/stm32g4xx_hal_flash_ex.o" --specs=nano.specs -mfpu=fpv4-sp-d16 -mfloat-abi=hard -mthumb -o "Drivers/STM32G4xx_HAL_Driver/Src/stm32g4xx_hal_flash_ex.o"
arm-none-eabi-gcc "../Drivers/STM32G4xx_HAL_Driver/Src/stm32g4xx_hal_flash_ramfunc.c" -mcpu=cortex-m4 -std=gnu11 -g3 -DDEBUG -DUSE_HAL_DRIVER -DSTM32G474xx -c -I../Core/Inc -I../Drivers/STM32G4xx_HAL_Driver/Inc -I../Drivers/STM32G4xx_HAL_Driver/Inc/Legacy -I../Drivers/CMSIS/Device/ST/STM32G4xx/Include -I../Drivers/CMSIS/Include -O0 -ffunction-sections -fdata-sections -Wall -fstack-usage -fcyclomatic-complexity -MMD -MP -MF"Drivers/STM32G4xx_HAL_Driver/Src/stm32g4xx_hal_flash_ramfunc.d" -MT"Drivers/STM32G4xx_HAL_Driver/Src/stm32g4xx_hal_flash_ramfunc.o" --specs=nano.specs -mfpu=fpv4-sp-d16 -mfloat-abi=hard -mthumb -o "Drivers/STM32G4xx_HAL_Driver/Src/stm32g4xx_hal_flash_ramfunc.o"
arm-none-eabi-gcc "../Drivers/STM32G4xx_HAL_Driver/Src/stm32g4xx_hal_gpio.c" -mcpu=cortex-m4 -std=gnu11 -g3 -DDEBUG -DUSE_HAL_DRIVER -DSTM32G474xx -c -I../Core/Inc -I../Drivers/STM32G4xx_HAL_Driver/Inc -I../Drivers/STM32G4xx_HAL_Driver/Inc/Legacy -I../Drivers/CMSIS/Device/ST/STM32G4xx/Include -I../Drivers/CMSIS/Include -O0 -ffunction-sections -fdata-sections -Wall -fstack-usage -fcyclomatic-complexity -MMD -MP -MF"Drivers/STM32G4xx_HAL_Driver/Src/stm32g4xx_hal_gpio.d" -MT"Drivers/STM32G4xx_HAL_Driver/Src/stm32g4xx_hal_gpio.o" --specs=nano.specs -mfpu=fpv4-sp-d16 -mfloat-abi=hard -mthumb -o "Drivers/STM32G4xx_HAL_Driver/Src/stm32g4xx_hal_gpio.o"
arm-none-eabi-gcc "../Drivers/STM32G4xx_HAL_Driver/Src/stm32g4xx_hal_pwr.c" -mcpu=cortex-m4 -std=gnu11 -g3 -DDEBUG -DUSE_HAL_DRIVER -DSTM32G474xx -c -I../Core/Inc -I../Drivers/STM32G4xx_HAL_Driver/Inc -I../Drivers/STM32G4xx_HAL_Driver/Inc/Legacy -I../Drivers/CMSIS/Device/ST/STM32G4xx/Include -I../Drivers/CMSIS/Include -O0 -ffunction-sections -fdata-sections -Wall -fstack-usage -fcyclomatic-complexity -MMD -MP -MF"Drivers/STM32G4xx_HAL_Driver/Src/stm32g4xx_hal_pwr.d" -MT"Drivers/STM32G4xx_HAL_Driver/Src/stm32g4xx_hal_pwr.o" --specs=nano.specs -mfpu=fpv4-sp-d16 -mfloat-abi=hard -mthumb -o "Drivers/STM32G4xx_HAL_Driver/Src/stm32g4xx_hal_pwr.o"
arm-none-eabi-gcc "../Drivers/STM32G4xx_HAL_Driver/Src/stm32g4xx_hal_pwr_ex.c" -mcpu=cortex-m4 -std=gnu11 -g3 -DDEBUG -DUSE_HAL_DRIVER -DSTM32G474xx -c -I../Core/Inc -I../Drivers/STM32G4xx_HAL_Driver/Inc -I../Drivers/STM32G4xx_HAL_Driver/Inc/Legacy -I../Drivers/CMSIS/Device/ST/STM32G4xx/Include -I../Drivers/CMSIS/Include -O0 -ffunction-sections -fdata-sections -Wall -fstack-usage -fcyclomatic-complexity -MMD -MP -MF"Drivers/STM32G4xx_HAL_Driver/Src/stm32g4xx_hal_pwr_ex.d" -MT"Drivers/STM32G4xx_HAL_Driver/Src/stm32g4xx_hal_pwr_ex.o" --specs=nano.specs -mfpu=fpv4-sp-d16 -mfloat-abi=hard -mthumb -o "Drivers/STM32G4xx_HAL_Driver/Src/stm32g4xx_hal_pwr_ex.o"
arm-none-eabi-gcc "../Drivers/STM32G4xx_HAL_Driver/Src/stm32g4xx_hal_rcc.c" -mcpu=cortex-m4 -std=gnu11 -g3 -DDEBUG -DUSE_HAL_DRIVER -DSTM32G474xx -c -I../Core/Inc -I../Drivers/STM32G4xx_HAL_Driver/Inc -I../Drivers/STM32G4xx_HAL_Driver/Inc/Legacy -I../Drivers/CMSIS/Device/ST/STM32G4xx/Include -I../Drivers/CMSIS/Include -O0 -ffunction-sections -fdata-sections -Wall -fstack-usage -fcyclomatic-complexity -MMD -MP -MF"Drivers/STM32G4xx_HAL_Driver/Src/stm32g4xx_hal_rcc.d" -MT"Drivers/STM32G4xx_HAL_Driver/Src/stm32g4xx_hal_rcc.o" --specs=nano.specs -mfpu=fpv4-sp-d16 -mfloat-abi=hard -mthumb -o "Drivers/STM32G4xx_HAL_Driver/Src/stm32g4xx_hal_rcc.o"
arm-none-eabi-gcc "../Drivers/STM32G4xx_HAL_Driver/Src/stm32g4xx_hal_rcc_ex.c" -mcpu=cortex-m4 -std=gnu11 -g3 -DDEBUG -DUSE_HAL_DRIVER -DSTM32G474xx -c -I../Core/Inc -I../Drivers/STM32G4xx_HAL_Driver/Inc -I../Drivers/STM32G4xx_HAL_Driver/Inc/Legacy -I../Drivers/CMSIS/Device/ST/STM32G4xx/Include -I../Drivers/CMSIS/Include -O0 -ffunction-sections -fdata-sections -Wall -fstack-usage -fcyclomatic-complexity -MMD -MP -MF"Drivers/STM32G4xx_HAL_Driver/Src/stm32g4xx_hal_rcc_ex.d" -MT"Drivers/STM32G4xx_HAL_Driver/Src/stm32g4xx_hal_rcc_ex.o" --specs=nano.specs -mfpu=fpv4-sp-d16 -mfloat-abi=hard -mthumb -o "Drivers/STM32G4xx_HAL_Driver/Src/stm32g4xx_hal_rcc_ex.o"
arm-none-eabi-gcc "../Drivers/STM32G4xx_HAL_Driver/Src/stm32g4xx_hal_tim.c" -mcpu=cortex-m4 -std=gnu11 -g3 -DDEBUG -DUSE_HAL_DRIVER -DSTM32G474xx -c -I../Core/Inc -I../Drivers/STM32G4xx_HAL_Driver/Inc -I../Drivers/STM32G4xx_HAL_Driver/Inc/Legacy -I../Drivers/CMSIS/Device/ST/STM32G4xx/Include -I../Drivers/CMSIS/Include -O0 -ffunction-sections -fdata-sections -Wall -fstack-usage -fcyclomatic-complexity -MMD -MP -MF"Drivers/STM32G4xx_HAL_Driver/Src/stm32g4xx_hal_tim.d" -MT"Drivers/STM32G4xx_HAL_Driver/Src/stm32g4xx_hal_tim.o" --specs=nano.specs -mfpu=fpv4-sp-d16 -mfloat-abi=hard -mthumb -o "Drivers/STM32G4xx_HAL_Driver/Src/stm32g4xx_hal_tim.o"
arm-none-eabi-gcc "../Drivers/STM32G4xx_HAL_Driver/Src/stm32g4xx_hal_tim_ex.c" -mcpu=cortex-m4 -std=gnu11 -g3 -DDEBUG -DUSE_HAL_DRIVER -DSTM32G474xx -c -I../Core/Inc -I../Drivers/STM32G4xx_HAL_Driver/Inc -I../Drivers/STM32G4xx_HAL_Driver/Inc/Legacy -I../Drivers/CMSIS/Device/ST/STM32G4xx/Include -I../Drivers/CMSIS/Include -O0 -ffunction-sections -fdata-sections -Wall -fstack-usage -fcyclomatic-complexity -MMD -MP -MF"Drivers/STM32G4xx_HAL_Driver/Src/stm32g4xx_hal_tim_ex.d" -MT"Drivers/STM32G4xx_HAL_Driver/Src/stm32g4xx_hal_tim_ex.o" --specs=nano.specs -mfpu=fpv4-sp-d16 -mfloat-abi=hard -mthumb -o "Drivers/STM32G4xx_HAL_Driver/Src/stm32g4xx_hal_tim_ex.o"
arm-none-eabi-gcc "../Drivers/STM32G4xx_HAL_Driver/Src/stm32g4xx_hal_uart.c" -mcpu=cortex-m4 -std=gnu11 -g3 -DDEBUG -DUSE_HAL_DRIVER -DSTM32G474xx -c -I../Core/Inc -I../Drivers/STM32G4xx_HAL_Driver/Inc -I../Drivers/STM32G4xx_HAL_Driver/Inc/Legacy -I../Drivers/CMSIS/Device/ST/STM32G4xx/Include -I../Drivers/CMSIS/Include -O0 -ffunction-sections -fdata-sections -Wall -fstack-usage -fcyclomatic-complexity -MMD -MP -MF"Drivers/STM32G4xx_HAL_Driver/Src/stm32g4xx_hal_uart.d" -MT"Drivers/STM32G4xx_HAL_Driver/Src/stm32g4xx_hal_uart.o" --specs=nano.specs -mfpu=fpv4-sp-d16 -mfloat-abi=hard -mthumb -o "Drivers/STM32G4xx_HAL_Driver/Src/stm32g4xx_hal_uart.o"
arm-none-eabi-gcc "../Drivers/STM32G4xx_HAL_Driver/Src/stm32g4xx_hal_uart_ex.c" -mcpu=cortex-m4 -std=gnu11 -g3 -DDEBUG -DUSE_HAL_DRIVER -DSTM32G474xx -c -I../Core/Inc -I../Drivers/STM32G4xx_HAL_Driver/Inc -I../Drivers/STM32G4xx_HAL_Driver/Inc/Legacy -I../Drivers/CMSIS/Device/ST/STM32G4xx/Include -I../Drivers/CMSIS/Include -O0 -ffunction-sections -fdata-sections -Wall -fstack-usage -fcyclomatic-complexity -MMD -MP -MF"Drivers/STM32G4xx_HAL_Driver/Src/stm32g4xx_hal_uart_ex.d" -MT"Drivers/STM32G4xx_HAL_Driver/Src/stm32g4xx_hal_uart_ex.o" --specs=nano.specs -mfpu=fpv4-sp-d16 -mfloat-abi=hard -mthumb -o "Drivers/STM32G4xx_HAL_Driver/Src/stm32g4xx_hal_uart_ex.o"
arm-none-eabi-gcc -mcpu=cortex-m4 -g3 -DDEBUG -c -x assembler-with-cpp -MMD -MP -MF"Core/Startup/startup_stm32g474retx.d" -MT"Core/Startup/startup_stm32g474retx.o" --specs=nano.specs -mfpu=fpv4-sp-d16 -mfloat-abi=hard -mthumb -o "Core/Startup/startup_stm32g474retx.o" "../Core/Startup/startup_stm32g474retx.s"
arm-none-eabi-gcc "../Core/Src/main.c" -mcpu=cortex-m4 -std=gnu11 -g3 -DDEBUG -DUSE_HAL_DRIVER -DSTM32G474xx -c -I../Core/Inc -I../Drivers/STM32G4xx_HAL_Driver/Inc -I../Drivers/STM32G4xx_HAL_Driver/Inc/Legacy -I../Drivers/CMSIS/Device/ST/STM32G4xx/Include -I../Drivers/CMSIS/Include -O0 -ffunction-sections -fdata-sections -Wall -fstack-usage -fcyclomatic-complexity -MMD -MP -MF"Core/Src/main.d" -MT"Core/Src/main.o" --specs=nano.specs -mfpu=fpv4-sp-d16 -mfloat-abi=hard -mthumb -o "Core/Src/main.o"
arm-none-eabi-gcc "../Core/Src/stm32g4xx_hal_msp.c" -mcpu=cortex-m4 -std=gnu11 -g3 -DDEBUG -DUSE_HAL_DRIVER -DSTM32G474xx -c -I../Core/Inc -I../Drivers/STM32G4xx_HAL_Driver/Inc -I../Drivers/STM32G4xx_HAL_Driver/Inc/Legacy -I../Drivers/CMSIS/Device/ST/STM32G4xx/Include -I../Drivers/CMSIS/Include -O0 -ffunction-sections -fdata-sections -Wall -fstack-usage -fcyclomatic-complexity -MMD -MP -MF"Core/Src/stm32g4xx_hal_msp.d" -MT"Core/Src/stm32g4xx_hal_msp.o" --specs=nano.specs -mfpu=fpv4-sp-d16 -mfloat-abi=hard -mthumb -o "Core/Src/stm32g4xx_hal_msp.o"
arm-none-eabi-gcc "../Core/Src/stm32g4xx_it.c" -mcpu=cortex-m4 -std=gnu11 -g3 -DDEBUG -DUSE_HAL_DRIVER -DSTM32G474xx -c -I../Core/Inc -I../Drivers/STM32G4xx_HAL_Driver/Inc -I../Drivers/STM32G4xx_HAL_Driver/Inc/Legacy -I../Drivers/CMSIS/Device/ST/STM32G4xx/Include -I../Drivers/CMSIS/Include -O0 -ffunction-sections -fdata-sections -Wall -fstack-usage -fcyclomatic-complexity -MMD -MP -MF"Core/Src/stm32g4xx_it.d" -MT"Core/Src/stm32g4xx_it.o" --specs=nano.specs -mfpu=fpv4-sp-d16 -mfloat-abi=hard -mthumb -o "Core/Src/stm32g4xx_it.o"
arm-none-eabi-gcc "../Core/Src/syscalls.c" -mcpu=cortex-m4 -std=gnu11 -g3 -DDEBUG -DUSE_HAL_DRIVER -DSTM32G474xx -c -I../Core/Inc -I../Drivers/STM32G4xx_HAL_Driver/Inc -I../Drivers/STM32G4xx_HAL_Driver/Inc/Legacy -I../Drivers/CMSIS/Device/ST/STM32G4xx/Include -I../Drivers/CMSIS/Include -O0 -ffunction-sections -fdata-sections -Wall -fstack-usage -fcyclomatic-complexity -MMD -MP -MF"Core/Src/syscalls.d" -MT"Core/Src/syscalls.o" --specs=nano.specs -mfpu=fpv4-sp-d16 -mfloat-abi=hard -mthumb -o "Core/Src/syscalls.o"
arm-none-eabi-gcc "../Core/Src/sysmem.c" -mcpu=cortex-m4 -std=gnu11 -g3 -DDEBUG -DUSE_HAL_DRIVER -DSTM32G474xx -c -I../Core/Inc -I../Drivers/STM32G4xx_HAL_Driver/Inc -I../Drivers/STM32G4xx_HAL_Driver/Inc/Legacy -I../Drivers/CMSIS/Device/ST/STM32G4xx/Include -I../Drivers/CMSIS/Include -O0 -ffunction-sections -fdata-sections -Wall -fstack-usage -fcyclomatic-complexity -MMD -MP -MF"Core/Src/sysmem.d" -MT"Core/Src/sysmem.o" --specs=nano.specs -mfpu=fpv4-sp-d16 -mfloat-abi=hard -mthumb -o "Core/Src/sysmem.o"
arm-none-eabi-gcc "../Core/Src/system_stm32g4xx.c" -mcpu=cortex-m4 -std=gnu11 -g3 -DDEBUG -DUSE_HAL_DRIVER -DSTM32G474xx -c -I../Core/Inc -I../Drivers/STM32G4xx_HAL_Driver/Inc -I../Drivers/STM32G4xx_HAL_Driver/Inc/Legacy -I../Drivers/CMSIS/Device/ST/STM32G4xx/Include -I../Drivers/CMSIS/Include -O0 -ffunction-sections -fdata-sections -Wall -fstack-usage -fcyclomatic-complexity -MMD -MP -MF"Core/Src/system_stm32g4xx.d" -MT"Core/Src/system_stm32g4xx.o" --specs=nano.specs -mfpu=fpv4-sp-d16 -mfloat-abi=hard -mthumb -o "Core/Src/system_stm32g4xx.o"
arm-none-eabi-gcc -o "Encoder.elf" @"objects.list"   -mcpu=cortex-m4 -T"D:\KMUTT\FIBO\year 2\2\FRA262\stubeef-Firmware\Firmware\Encoder\STM32G474RETX_FLASH.ld" --specs=nosys.specs -Wl,-Map="Encoder.map" -Wl,--gc-sections -static --specs=nano.specs -mfpu=fpv4-sp-d16 -mfloat-abi=hard -mthumb -Wl,--start-group -lc -lm -Wl,--end-group
C:/ST/STM32CubeIDE_1.13.2/STM32CubeIDE/plugins/com.st.stm32cube.ide.mcu.externaltools.gnu-tools-for-stm32.12.3.rel1.win32_1.0.100.202403111256/tools/bin/../lib/gcc/arm-none-eabi/12.3.1/../../../../arm-none-eabi/bin/ld.exe: warning: Encoder.elf has a LOAD segment with RWX permissions
Finished building target: Encoder.elf
 
arm-none-eabi-size  Encoder.elf 
arm-none-eabi-objdump -h -S Encoder.elf  > "Encoder.list"
   text	   data	    bss	    dec	    hex	filename
  21664	     20	   2016	  23700	   5c94	Encoder.elf
Finished building: default.size.stdout
 
Finished building: Encoder.list
 
16:04:58 **** Incremental Build of configuration Debug for project stubeef ****
make -j16 all 
arm-none-eabi-gcc "../Core/Src/main.c" -mcpu=cortex-m4 -std=gnu11 -g3 -DDEBUG -DUSE_HAL_DRIVER -DSTM32G474xx -c -I../Core/Inc -I../Drivers/STM32G4xx_HAL_Driver/Inc -I../Drivers/STM32G4xx_HAL_Driver/Inc/Legacy -I../Drivers/CMSIS/Device/ST/STM32G4xx/Include -I../Drivers/CMSIS/Include -I../Middlewares/Third_Party/ARM_CMSIS/CMSIS/Core/Include/ -I../Middlewares/Third_Party/ARM_CMSIS/PrivateInclude/ -I../Middlewares/Third_Party/ARM_CMSIS/Include/ -I../Middlewares/Third_Party/ARM_CMSIS/Include -I"D:/KMUTT/FIBO/year 2/2/FRA262/stubeef-Firmware/Firmware/stubeef/Source/BasicMathFunctions" -I"D:/KMUTT/FIBO/year 2/2/FRA262/stubeef-Firmware/Firmware/stubeef/Source/BayesFunctions" -I"D:/KMUTT/FIBO/year 2/2/FRA262/stubeef-Firmware/Firmware/stubeef/Source/CommonTables" -I"D:/KMUTT/FIBO/year 2/2/FRA262/stubeef-Firmware/Firmware/stubeef/Source/ComplexMathFunctions" -I"D:/KMUTT/FIBO/year 2/2/FRA262/stubeef-Firmware/Firmware/stubeef/Source/ControllerFunctions" -I"D:/KMUTT/FIBO/year 2/2/FRA262/stubeef-Firmware/Firmware/stubeef/Source/DistanceFunctions" -I"D:/KMUTT/FIBO/year 2/2/FRA262/stubeef-Firmware/Firmware/stubeef/Source/FastMathFunctions" -I"D:/KMUTT/FIBO/year 2/2/FRA262/stubeef-Firmware/Firmware/stubeef/Source/FilteringFunctions" -I"D:/KMUTT/FIBO/year 2/2/FRA262/stubeef-Firmware/Firmware/stubeef/Source/InterpolationFunctions" -I"D:/KMUTT/FIBO/year 2/2/FRA262/stubeef-Firmware/Firmware/stubeef/Source/MatrixFunctions" -I"D:/KMUTT/FIBO/year 2/2/FRA262/stubeef-Firmware/Firmware/stubeef/Source/QuaternionMathFunctions" -I"D:/KMUTT/FIBO/year 2/2/FRA262/stubeef-Firmware/Firmware/stubeef/Source/StatisticsFunctions" -I"D:/KMUTT/FIBO/year 2/2/FRA262/stubeef-Firmware/Firmware/stubeef/Source/SupportFunctions" -I"D:/KMUTT/FIBO/year 2/2/FRA262/stubeef-Firmware/Firmware/stubeef/Source/SVMFunctions" -I"D:/KMUTT/FIBO/year 2/2/FRA262/stubeef-Firmware/Firmware/stubeef/Source/TransformFunctions" -I"D:/KMUTT/FIBO/year 2/2/FRA262/stubeef-Firmware/Firmware/stubeef/Source/WindowFunctions" -O0 -ffunction-sections -fdata-sections -Wall -fstack-usage -fcyclomatic-complexity -MMD -MP -MF"Core/Src/main.d" -MT"Core/Src/main.o" --specs=nano.specs -mfpu=fpv4-sp-d16 -mfloat-abi=hard -mthumb -o "Core/Src/main.o"
../Core/Src/main.c: In function 'QEIEncoderPosVel_Update':
../Core/Src/main.c:711:33: error: subscripted value is neither array nor pointer nor vector
  711 |         QEIdata.QEIPostion_1turn[NEW] = QEIdata.Position[NEW] % 800;
      |                                 ^
../Core/Src/main.c:715:53: error: subscripted value is neither array nor pointer nor vector
  715 |         int32_t diff1turn = QEIdata.QEIPostion_1turn[NEW]-QEIdata.QEIPostion_1turn[OLD];
      |                                                     ^
../Core/Src/main.c:715:83: error: subscripted value is neither array nor pointer nor vector
  715 |         int32_t diff1turn = QEIdata.QEIPostion_1turn[NEW]-QEIdata.QEIPostion_1turn[OLD];
      |                                                                                   ^
../Core/Src/main.c:738:33: error: subscripted value is neither array nor pointer nor vector
  738 |         QEIdata.QEIPostion_1turn[OLD] =
      |                                 ^
../Core/Src/main.c:740:1: error: expected expression before '}' token
  740 | }
      | ^
make: *** [Core/Src/subdir.mk:34: Core/Src/main.o] Error 1
"make -j16 all" terminated with exit code 2. Build might be incomplete.
16:07:50 **** Incremental Build of configuration Debug for project Encoder ****
make -j16 all 
arm-none-eabi-size  Encoder.elf 
   text	   data	    bss	    dec	    hex	filename
  21664	     20	   2016	  23700	   5c94	Encoder.elf
Finished building: default.size.stdout
 
16:07:50 **** Incremental Build of configuration Debug for project stubeef ****
make -j16 all 
arm-none-eabi-gcc "../Core/Src/main.c" -mcpu=cortex-m4 -std=gnu11 -g3 -DDEBUG -DUSE_HAL_DRIVER -DSTM32G474xx -c -I../Core/Inc -I../Drivers/STM32G4xx_HAL_Driver/Inc -I../Drivers/STM32G4xx_HAL_Driver/Inc/Legacy -I../Drivers/CMSIS/Device/ST/STM32G4xx/Include -I../Drivers/CMSIS/Include -I../Middlewares/Third_Party/ARM_CMSIS/CMSIS/Core/Include/ -I../Middlewares/Third_Party/ARM_CMSIS/PrivateInclude/ -I../Middlewares/Third_Party/ARM_CMSIS/Include/ -I../Middlewares/Third_Party/ARM_CMSIS/Include -I"D:/KMUTT/FIBO/year 2/2/FRA262/stubeef-Firmware/Firmware/stubeef/Source/BasicMathFunctions" -I"D:/KMUTT/FIBO/year 2/2/FRA262/stubeef-Firmware/Firmware/stubeef/Source/BayesFunctions" -I"D:/KMUTT/FIBO/year 2/2/FRA262/stubeef-Firmware/Firmware/stubeef/Source/CommonTables" -I"D:/KMUTT/FIBO/year 2/2/FRA262/stubeef-Firmware/Firmware/stubeef/Source/ComplexMathFunctions" -I"D:/KMUTT/FIBO/year 2/2/FRA262/stubeef-Firmware/Firmware/stubeef/Source/ControllerFunctions" -I"D:/KMUTT/FIBO/year 2/2/FRA262/stubeef-Firmware/Firmware/stubeef/Source/DistanceFunctions" -I"D:/KMUTT/FIBO/year 2/2/FRA262/stubeef-Firmware/Firmware/stubeef/Source/FastMathFunctions" -I"D:/KMUTT/FIBO/year 2/2/FRA262/stubeef-Firmware/Firmware/stubeef/Source/FilteringFunctions" -I"D:/KMUTT/FIBO/year 2/2/FRA262/stubeef-Firmware/Firmware/stubeef/Source/InterpolationFunctions" -I"D:/KMUTT/FIBO/year 2/2/FRA262/stubeef-Firmware/Firmware/stubeef/Source/MatrixFunctions" -I"D:/KMUTT/FIBO/year 2/2/FRA262/stubeef-Firmware/Firmware/stubeef/Source/QuaternionMathFunctions" -I"D:/KMUTT/FIBO/year 2/2/FRA262/stubeef-Firmware/Firmware/stubeef/Source/StatisticsFunctions" -I"D:/KMUTT/FIBO/year 2/2/FRA262/stubeef-Firmware/Firmware/stubeef/Source/SupportFunctions" -I"D:/KMUTT/FIBO/year 2/2/FRA262/stubeef-Firmware/Firmware/stubeef/Source/SVMFunctions" -I"D:/KMUTT/FIBO/year 2/2/FRA262/stubeef-Firmware/Firmware/stubeef/Source/TransformFunctions" -I"D:/KMUTT/FIBO/year 2/2/FRA262/stubeef-Firmware/Firmware/stubeef/Source/WindowFunctions" -O0 -ffunction-sections -fdata-sections -Wall -fstack-usage -fcyclomatic-complexity -MMD -MP -MF"Core/Src/main.d" -MT"Core/Src/main.o" --specs=nano.specs -mfpu=fpv4-sp-d16 -mfloat-abi=hard -mthumb -o "Core/Src/main.o"
../Core/Src/main.c: In function 'HAL_TIM_PeriodElapsedCallback':
../Core/Src/main.c:691:34: error: assignment to expression with array type
  691 |         QEIdata.QEIPostion_1turn += 1;
      |                                  ^~
../Core/Src/main.c: In function 'QEIEncoderPosVel_Update':
../Core/Src/main.c:712:49: error: invalid operands to binary * (have 'float *' and 'int')
  712 |         QEIdata.Angle = QEIdata.QEIPostion_1turn*360/800;
      |                         ~~~~~~~                 ^
      |                         |
      |                         float *
make: *** [Core/Src/subdir.mk:34: Core/Src/main.o] Error 1
"make -j16 all" terminated with exit code 2. Build might be incomplete.
16:08:27 **** Incremental Build of configuration Debug for project Encoder ****
make -j16 all 
arm-none-eabi-size  Encoder.elf 
   text	   data	    bss	    dec	    hex	filename
  21664	     20	   2016	  23700	   5c94	Encoder.elf
Finished building: default.size.stdout
 
16:08:28 **** Incremental Build of configuration Debug for project stubeef ****
make -j16 all 
arm-none-eabi-gcc "../Core/Src/main.c" -mcpu=cortex-m4 -std=gnu11 -g3 -DDEBUG -DUSE_HAL_DRIVER -DSTM32G474xx -c -I../Core/Inc -I../Drivers/STM32G4xx_HAL_Driver/Inc -I../Drivers/STM32G4xx_HAL_Driver/Inc/Legacy -I../Drivers/CMSIS/Device/ST/STM32G4xx/Include -I../Drivers/CMSIS/Include -I../Middlewares/Third_Party/ARM_CMSIS/CMSIS/Core/Include/ -I../Middlewares/Third_Party/ARM_CMSIS/PrivateInclude/ -I../Middlewares/Third_Party/ARM_CMSIS/Include/ -I../Middlewares/Third_Party/ARM_CMSIS/Include -I"D:/KMUTT/FIBO/year 2/2/FRA262/stubeef-Firmware/Firmware/stubeef/Source/BasicMathFunctions" -I"D:/KMUTT/FIBO/year 2/2/FRA262/stubeef-Firmware/Firmware/stubeef/Source/BayesFunctions" -I"D:/KMUTT/FIBO/year 2/2/FRA262/stubeef-Firmware/Firmware/stubeef/Source/CommonTables" -I"D:/KMUTT/FIBO/year 2/2/FRA262/stubeef-Firmware/Firmware/stubeef/Source/ComplexMathFunctions" -I"D:/KMUTT/FIBO/year 2/2/FRA262/stubeef-Firmware/Firmware/stubeef/Source/ControllerFunctions" -I"D:/KMUTT/FIBO/year 2/2/FRA262/stubeef-Firmware/Firmware/stubeef/Source/DistanceFunctions" -I"D:/KMUTT/FIBO/year 2/2/FRA262/stubeef-Firmware/Firmware/stubeef/Source/FastMathFunctions" -I"D:/KMUTT/FIBO/year 2/2/FRA262/stubeef-Firmware/Firmware/stubeef/Source/FilteringFunctions" -I"D:/KMUTT/FIBO/year 2/2/FRA262/stubeef-Firmware/Firmware/stubeef/Source/InterpolationFunctions" -I"D:/KMUTT/FIBO/year 2/2/FRA262/stubeef-Firmware/Firmware/stubeef/Source/MatrixFunctions" -I"D:/KMUTT/FIBO/year 2/2/FRA262/stubeef-Firmware/Firmware/stubeef/Source/QuaternionMathFunctions" -I"D:/KMUTT/FIBO/year 2/2/FRA262/stubeef-Firmware/Firmware/stubeef/Source/StatisticsFunctions" -I"D:/KMUTT/FIBO/year 2/2/FRA262/stubeef-Firmware/Firmware/stubeef/Source/SupportFunctions" -I"D:/KMUTT/FIBO/year 2/2/FRA262/stubeef-Firmware/Firmware/stubeef/Source/SVMFunctions" -I"D:/KMUTT/FIBO/year 2/2/FRA262/stubeef-Firmware/Firmware/stubeef/Source/TransformFunctions" -I"D:/KMUTT/FIBO/year 2/2/FRA262/stubeef-Firmware/Firmware/stubeef/Source/WindowFunctions" -O0 -ffunction-sections -fdata-sections -Wall -fstack-usage -fcyclomatic-complexity -MMD -MP -MF"Core/Src/main.d" -MT"Core/Src/main.o" --specs=nano.specs -mfpu=fpv4-sp-d16 -mfloat-abi=hard -mthumb -o "Core/Src/main.o"
../Core/Src/main.c: In function 'HAL_TIM_PeriodElapsedCallback':
../Core/Src/main.c:691:34: error: assignment to expression with array type
  691 |         QEIdata.QEIPostion_1turn += 1;
      |                                  ^~
make: *** [Core/Src/subdir.mk:34: Core/Src/main.o] Error 1
"make -j16 all" terminated with exit code 2. Build might be incomplete.
16:08:40 **** Incremental Build of configuration Debug for project Encoder ****
make -j16 all 
arm-none-eabi-size  Encoder.elf 
   text	   data	    bss	    dec	    hex	filename
  21664	     20	   2016	  23700	   5c94	Encoder.elf
Finished building: default.size.stdout
 
16:08:40 **** Incremental Build of configuration Debug for project stubeef ****
make -j16 all 
arm-none-eabi-gcc "../Core/Src/main.c" -mcpu=cortex-m4 -std=gnu11 -g3 -DDEBUG -DUSE_HAL_DRIVER -DSTM32G474xx -c -I../Core/Inc -I../Drivers/STM32G4xx_HAL_Driver/Inc -I../Drivers/STM32G4xx_HAL_Driver/Inc/Legacy -I../Drivers/CMSIS/Device/ST/STM32G4xx/Include -I../Drivers/CMSIS/Include -I../Middlewares/Third_Party/ARM_CMSIS/CMSIS/Core/Include/ -I../Middlewares/Third_Party/ARM_CMSIS/PrivateInclude/ -I../Middlewares/Third_Party/ARM_CMSIS/Include/ -I../Middlewares/Third_Party/ARM_CMSIS/Include -I"D:/KMUTT/FIBO/year 2/2/FRA262/stubeef-Firmware/Firmware/stubeef/Source/BasicMathFunctions" -I"D:/KMUTT/FIBO/year 2/2/FRA262/stubeef-Firmware/Firmware/stubeef/Source/BayesFunctions" -I"D:/KMUTT/FIBO/year 2/2/FRA262/stubeef-Firmware/Firmware/stubeef/Source/CommonTables" -I"D:/KMUTT/FIBO/year 2/2/FRA262/stubeef-Firmware/Firmware/stubeef/Source/ComplexMathFunctions" -I"D:/KMUTT/FIBO/year 2/2/FRA262/stubeef-Firmware/Firmware/stubeef/Source/ControllerFunctions" -I"D:/KMUTT/FIBO/year 2/2/FRA262/stubeef-Firmware/Firmware/stubeef/Source/DistanceFunctions" -I"D:/KMUTT/FIBO/year 2/2/FRA262/stubeef-Firmware/Firmware/stubeef/Source/FastMathFunctions" -I"D:/KMUTT/FIBO/year 2/2/FRA262/stubeef-Firmware/Firmware/stubeef/Source/FilteringFunctions" -I"D:/KMUTT/FIBO/year 2/2/FRA262/stubeef-Firmware/Firmware/stubeef/Source/InterpolationFunctions" -I"D:/KMUTT/FIBO/year 2/2/FRA262/stubeef-Firmware/Firmware/stubeef/Source/MatrixFunctions" -I"D:/KMUTT/FIBO/year 2/2/FRA262/stubeef-Firmware/Firmware/stubeef/Source/QuaternionMathFunctions" -I"D:/KMUTT/FIBO/year 2/2/FRA262/stubeef-Firmware/Firmware/stubeef/Source/StatisticsFunctions" -I"D:/KMUTT/FIBO/year 2/2/FRA262/stubeef-Firmware/Firmware/stubeef/Source/SupportFunctions" -I"D:/KMUTT/FIBO/year 2/2/FRA262/stubeef-Firmware/Firmware/stubeef/Source/SVMFunctions" -I"D:/KMUTT/FIBO/year 2/2/FRA262/stubeef-Firmware/Firmware/stubeef/Source/TransformFunctions" -I"D:/KMUTT/FIBO/year 2/2/FRA262/stubeef-Firmware/Firmware/stubeef/Source/WindowFunctions" -O0 -ffunction-sections -fdata-sections -Wall -fstack-usage -fcyclomatic-complexity -MMD -MP -MF"Core/Src/main.d" -MT"Core/Src/main.o" --specs=nano.specs -mfpu=fpv4-sp-d16 -mfloat-abi=hard -mthumb -o "Core/Src/main.o"
arm-none-eabi-gcc -o "stubeef.elf" @"objects.list"   -mcpu=cortex-m4 -T"D:\KMUTT\FIBO\year 2\2\FRA262\stubeef-Firmware\Firmware\stubeef\STM32G474RETX_FLASH.ld" --specs=nosys.specs -Wl,-Map="stubeef.map" -Wl,--gc-sections -static --specs=nano.specs -mfpu=fpv4-sp-d16 -mfloat-abi=hard -mthumb -Wl,--start-group -lc -lm -Wl,--end-group
C:/ST/STM32CubeIDE_1.13.2/STM32CubeIDE/plugins/com.st.stm32cube.ide.mcu.externaltools.gnu-tools-for-stm32.12.3.rel1.win32_1.0.100.202403111256/tools/bin/../lib/gcc/arm-none-eabi/12.3.1/../../../../arm-none-eabi/bin/ld.exe: warning: stubeef.elf has a LOAD segment with RWX permissions
Finished building target: stubeef.elf
 
arm-none-eabi-size  stubeef.elf 
arm-none-eabi-objdump -h -S stubeef.elf  > "stubeef.list"
   text	   data	    bss	    dec	    hex	filename
  24384	     24	   2216	  26624	   6800	stubeef.elf
Finished building: default.size.stdout
 
Finished building: stubeef.list
 
16:13:45 **** Incremental Build of configuration Debug for project stubeef ****
make -j16 all 
arm-none-eabi-size  stubeef.elf 
   text	   data	    bss	    dec	    hex	filename
  24384	     24	   2216	  26624	   6800	stubeef.elf
Finished building: default.size.stdout
 
16:18:32 **** Incremental Build of configuration Debug for project stubeef ****
make -j16 all 
arm-none-eabi-gcc "../Core/Src/main.c" -mcpu=cortex-m4 -std=gnu11 -g3 -DDEBUG -DUSE_HAL_DRIVER -DSTM32G474xx -c -I../Core/Inc -I../Drivers/STM32G4xx_HAL_Driver/Inc -I../Drivers/STM32G4xx_HAL_Driver/Inc/Legacy -I../Drivers/CMSIS/Device/ST/STM32G4xx/Include -I../Drivers/CMSIS/Include -I../Middlewares/Third_Party/ARM_CMSIS/CMSIS/Core/Include/ -I../Middlewares/Third_Party/ARM_CMSIS/PrivateInclude/ -I../Middlewares/Third_Party/ARM_CMSIS/Include/ -I../Middlewares/Third_Party/ARM_CMSIS/Include -I"D:/KMUTT/FIBO/year 2/2/FRA262/stubeef-Firmware/Firmware/stubeef/Source/BasicMathFunctions" -I"D:/KMUTT/FIBO/year 2/2/FRA262/stubeef-Firmware/Firmware/stubeef/Source/BayesFunctions" -I"D:/KMUTT/FIBO/year 2/2/FRA262/stubeef-Firmware/Firmware/stubeef/Source/CommonTables" -I"D:/KMUTT/FIBO/year 2/2/FRA262/stubeef-Firmware/Firmware/stubeef/Source/ComplexMathFunctions" -I"D:/KMUTT/FIBO/year 2/2/FRA262/stubeef-Firmware/Firmware/stubeef/Source/ControllerFunctions" -I"D:/KMUTT/FIBO/year 2/2/FRA262/stubeef-Firmware/Firmware/stubeef/Source/DistanceFunctions" -I"D:/KMUTT/FIBO/year 2/2/FRA262/stubeef-Firmware/Firmware/stubeef/Source/FastMathFunctions" -I"D:/KMUTT/FIBO/year 2/2/FRA262/stubeef-Firmware/Firmware/stubeef/Source/FilteringFunctions" -I"D:/KMUTT/FIBO/year 2/2/FRA262/stubeef-Firmware/Firmware/stubeef/Source/InterpolationFunctions" -I"D:/KMUTT/FIBO/year 2/2/FRA262/stubeef-Firmware/Firmware/stubeef/Source/MatrixFunctions" -I"D:/KMUTT/FIBO/year 2/2/FRA262/stubeef-Firmware/Firmware/stubeef/Source/QuaternionMathFunctions" -I"D:/KMUTT/FIBO/year 2/2/FRA262/stubeef-Firmware/Firmware/stubeef/Source/StatisticsFunctions" -I"D:/KMUTT/FIBO/year 2/2/FRA262/stubeef-Firmware/Firmware/stubeef/Source/SupportFunctions" -I"D:/KMUTT/FIBO/year 2/2/FRA262/stubeef-Firmware/Firmware/stubeef/Source/SVMFunctions" -I"D:/KMUTT/FIBO/year 2/2/FRA262/stubeef-Firmware/Firmware/stubeef/Source/TransformFunctions" -I"D:/KMUTT/FIBO/year 2/2/FRA262/stubeef-Firmware/Firmware/stubeef/Source/WindowFunctions" -O0 -ffunction-sections -fdata-sections -Wall -fstack-usage -fcyclomatic-complexity -MMD -MP -MF"Core/Src/main.d" -MT"Core/Src/main.o" --specs=nano.specs -mfpu=fpv4-sp-d16 -mfloat-abi=hard -mthumb -o "Core/Src/main.o"
arm-none-eabi-gcc -o "stubeef.elf" @"objects.list"   -mcpu=cortex-m4 -T"D:\KMUTT\FIBO\year 2\2\FRA262\stubeef-Firmware\Firmware\stubeef\STM32G474RETX_FLASH.ld" --specs=nosys.specs -Wl,-Map="stubeef.map" -Wl,--gc-sections -static --specs=nano.specs -mfpu=fpv4-sp-d16 -mfloat-abi=hard -mthumb -Wl,--start-group -lc -lm -Wl,--end-group
C:/ST/STM32CubeIDE_1.13.2/STM32CubeIDE/plugins/com.st.stm32cube.ide.mcu.externaltools.gnu-tools-for-stm32.12.3.rel1.win32_1.0.100.202403111256/tools/bin/../lib/gcc/arm-none-eabi/12.3.1/../../../../arm-none-eabi/bin/ld.exe: warning: stubeef.elf has a LOAD segment with RWX permissions
Finished building target: stubeef.elf
 
arm-none-eabi-size  stubeef.elf 
arm-none-eabi-objdump -h -S stubeef.elf  > "stubeef.list"
   text	   data	    bss	    dec	    hex	filename
  24424	     24	   2216	  26664	   6828	stubeef.elf
Finished building: default.size.stdout
 
Finished building: stubeef.list
 
16:18:43 **** Incremental Build of configuration Debug for project stubeef ****
make -j16 all 
arm-none-eabi-size  stubeef.elf 
   text	   data	    bss	    dec	    hex	filename
  24424	     24	   2216	  26664	   6828	stubeef.elf
Finished building: default.size.stdout
 
16:23:01 **** Incremental Build of configuration Debug for project stubeef ****
make -j16 all 
arm-none-eabi-gcc "../Core/Src/main.c" -mcpu=cortex-m4 -std=gnu11 -g3 -DDEBUG -DUSE_HAL_DRIVER -DSTM32G474xx -c -I../Core/Inc -I../Drivers/STM32G4xx_HAL_Driver/Inc -I../Drivers/STM32G4xx_HAL_Driver/Inc/Legacy -I../Drivers/CMSIS/Device/ST/STM32G4xx/Include -I../Drivers/CMSIS/Include -I../Middlewares/Third_Party/ARM_CMSIS/CMSIS/Core/Include/ -I../Middlewares/Third_Party/ARM_CMSIS/PrivateInclude/ -I../Middlewares/Third_Party/ARM_CMSIS/Include/ -I../Middlewares/Third_Party/ARM_CMSIS/Include -I"D:/KMUTT/FIBO/year 2/2/FRA262/stubeef-Firmware/Firmware/stubeef/Source/BasicMathFunctions" -I"D:/KMUTT/FIBO/year 2/2/FRA262/stubeef-Firmware/Firmware/stubeef/Source/BayesFunctions" -I"D:/KMUTT/FIBO/year 2/2/FRA262/stubeef-Firmware/Firmware/stubeef/Source/CommonTables" -I"D:/KMUTT/FIBO/year 2/2/FRA262/stubeef-Firmware/Firmware/stubeef/Source/ComplexMathFunctions" -I"D:/KMUTT/FIBO/year 2/2/FRA262/stubeef-Firmware/Firmware/stubeef/Source/ControllerFunctions" -I"D:/KMUTT/FIBO/year 2/2/FRA262/stubeef-Firmware/Firmware/stubeef/Source/DistanceFunctions" -I"D:/KMUTT/FIBO/year 2/2/FRA262/stubeef-Firmware/Firmware/stubeef/Source/FastMathFunctions" -I"D:/KMUTT/FIBO/year 2/2/FRA262/stubeef-Firmware/Firmware/stubeef/Source/FilteringFunctions" -I"D:/KMUTT/FIBO/year 2/2/FRA262/stubeef-Firmware/Firmware/stubeef/Source/InterpolationFunctions" -I"D:/KMUTT/FIBO/year 2/2/FRA262/stubeef-Firmware/Firmware/stubeef/Source/MatrixFunctions" -I"D:/KMUTT/FIBO/year 2/2/FRA262/stubeef-Firmware/Firmware/stubeef/Source/QuaternionMathFunctions" -I"D:/KMUTT/FIBO/year 2/2/FRA262/stubeef-Firmware/Firmware/stubeef/Source/StatisticsFunctions" -I"D:/KMUTT/FIBO/year 2/2/FRA262/stubeef-Firmware/Firmware/stubeef/Source/SupportFunctions" -I"D:/KMUTT/FIBO/year 2/2/FRA262/stubeef-Firmware/Firmware/stubeef/Source/SVMFunctions" -I"D:/KMUTT/FIBO/year 2/2/FRA262/stubeef-Firmware/Firmware/stubeef/Source/TransformFunctions" -I"D:/KMUTT/FIBO/year 2/2/FRA262/stubeef-Firmware/Firmware/stubeef/Source/WindowFunctions" -O0 -ffunction-sections -fdata-sections -Wall -fstack-usage -fcyclomatic-complexity -MMD -MP -MF"Core/Src/main.d" -MT"Core/Src/main.o" --specs=nano.specs -mfpu=fpv4-sp-d16 -mfloat-abi=hard -mthumb -o "Core/Src/main.o"
arm-none-eabi-gcc -o "stubeef.elf" @"objects.list"   -mcpu=cortex-m4 -T"D:\KMUTT\FIBO\year 2\2\FRA262\stubeef-Firmware\Firmware\stubeef\STM32G474RETX_FLASH.ld" --specs=nosys.specs -Wl,-Map="stubeef.map" -Wl,--gc-sections -static --specs=nano.specs -mfpu=fpv4-sp-d16 -mfloat-abi=hard -mthumb -Wl,--start-group -lc -lm -Wl,--end-group
C:/ST/STM32CubeIDE_1.13.2/STM32CubeIDE/plugins/com.st.stm32cube.ide.mcu.externaltools.gnu-tools-for-stm32.12.3.rel1.win32_1.0.100.202403111256/tools/bin/../lib/gcc/arm-none-eabi/12.3.1/../../../../arm-none-eabi/bin/ld.exe: warning: stubeef.elf has a LOAD segment with RWX permissions
Finished building target: stubeef.elf
 
arm-none-eabi-size  stubeef.elf 
arm-none-eabi-objdump -h -S stubeef.elf  > "stubeef.list"
   text	   data	    bss	    dec	    hex	filename
  24424	     24	   2216	  26664	   6828	stubeef.elf
Finished building: default.size.stdout
 
Finished building: stubeef.list
 
16:24:07 **** Incremental Build of configuration Debug for project stubeef ****
make -j16 all 
arm-none-eabi-gcc "../Core/Src/main.c" -mcpu=cortex-m4 -std=gnu11 -g3 -DDEBUG -DUSE_HAL_DRIVER -DSTM32G474xx -c -I../Core/Inc -I../Drivers/STM32G4xx_HAL_Driver/Inc -I../Drivers/STM32G4xx_HAL_Driver/Inc/Legacy -I../Drivers/CMSIS/Device/ST/STM32G4xx/Include -I../Drivers/CMSIS/Include -I../Middlewares/Third_Party/ARM_CMSIS/CMSIS/Core/Include/ -I../Middlewares/Third_Party/ARM_CMSIS/PrivateInclude/ -I../Middlewares/Third_Party/ARM_CMSIS/Include/ -I../Middlewares/Third_Party/ARM_CMSIS/Include -I"D:/KMUTT/FIBO/year 2/2/FRA262/stubeef-Firmware/Firmware/stubeef/Source/BasicMathFunctions" -I"D:/KMUTT/FIBO/year 2/2/FRA262/stubeef-Firmware/Firmware/stubeef/Source/BayesFunctions" -I"D:/KMUTT/FIBO/year 2/2/FRA262/stubeef-Firmware/Firmware/stubeef/Source/CommonTables" -I"D:/KMUTT/FIBO/year 2/2/FRA262/stubeef-Firmware/Firmware/stubeef/Source/ComplexMathFunctions" -I"D:/KMUTT/FIBO/year 2/2/FRA262/stubeef-Firmware/Firmware/stubeef/Source/ControllerFunctions" -I"D:/KMUTT/FIBO/year 2/2/FRA262/stubeef-Firmware/Firmware/stubeef/Source/DistanceFunctions" -I"D:/KMUTT/FIBO/year 2/2/FRA262/stubeef-Firmware/Firmware/stubeef/Source/FastMathFunctions" -I"D:/KMUTT/FIBO/year 2/2/FRA262/stubeef-Firmware/Firmware/stubeef/Source/FilteringFunctions" -I"D:/KMUTT/FIBO/year 2/2/FRA262/stubeef-Firmware/Firmware/stubeef/Source/InterpolationFunctions" -I"D:/KMUTT/FIBO/year 2/2/FRA262/stubeef-Firmware/Firmware/stubeef/Source/MatrixFunctions" -I"D:/KMUTT/FIBO/year 2/2/FRA262/stubeef-Firmware/Firmware/stubeef/Source/QuaternionMathFunctions" -I"D:/KMUTT/FIBO/year 2/2/FRA262/stubeef-Firmware/Firmware/stubeef/Source/StatisticsFunctions" -I"D:/KMUTT/FIBO/year 2/2/FRA262/stubeef-Firmware/Firmware/stubeef/Source/SupportFunctions" -I"D:/KMUTT/FIBO/year 2/2/FRA262/stubeef-Firmware/Firmware/stubeef/Source/SVMFunctions" -I"D:/KMUTT/FIBO/year 2/2/FRA262/stubeef-Firmware/Firmware/stubeef/Source/TransformFunctions" -I"D:/KMUTT/FIBO/year 2/2/FRA262/stubeef-Firmware/Firmware/stubeef/Source/WindowFunctions" -O0 -ffunction-sections -fdata-sections -Wall -fstack-usage -fcyclomatic-complexity -MMD -MP -MF"Core/Src/main.d" -MT"Core/Src/main.o" --specs=nano.specs -mfpu=fpv4-sp-d16 -mfloat-abi=hard -mthumb -o "Core/Src/main.o"
arm-none-eabi-gcc -o "stubeef.elf" @"objects.list"   -mcpu=cortex-m4 -T"D:\KMUTT\FIBO\year 2\2\FRA262\stubeef-Firmware\Firmware\stubeef\STM32G474RETX_FLASH.ld" --specs=nosys.specs -Wl,-Map="stubeef.map" -Wl,--gc-sections -static --specs=nano.specs -mfpu=fpv4-sp-d16 -mfloat-abi=hard -mthumb -Wl,--start-group -lc -lm -Wl,--end-group
C:/ST/STM32CubeIDE_1.13.2/STM32CubeIDE/plugins/com.st.stm32cube.ide.mcu.externaltools.gnu-tools-for-stm32.12.3.rel1.win32_1.0.100.202403111256/tools/bin/../lib/gcc/arm-none-eabi/12.3.1/../../../../arm-none-eabi/bin/ld.exe: warning: stubeef.elf has a LOAD segment with RWX permissions
Finished building target: stubeef.elf
 
arm-none-eabi-size  stubeef.elf 
arm-none-eabi-objdump -h -S stubeef.elf  > "stubeef.list"
   text	   data	    bss	    dec	    hex	filename
  24424	     24	   2216	  26664	   6828	stubeef.elf
Finished building: default.size.stdout
 
Finished building: stubeef.list
 
16:24:48 **** Incremental Build of configuration Debug for project stubeef ****
make -j16 all 
arm-none-eabi-size  stubeef.elf 
   text	   data	    bss	    dec	    hex	filename
  24424	     24	   2216	  26664	   6828	stubeef.elf
Finished building: default.size.stdout
 
16:56:55 **** Incremental Build of configuration Debug for project stubeef ****
make -j16 all 
arm-none-eabi-gcc "../Core/Src/main.c" -mcpu=cortex-m4 -std=gnu11 -g3 -DDEBUG -DUSE_HAL_DRIVER -DSTM32G474xx -c -I../Core/Inc -I../Drivers/STM32G4xx_HAL_Driver/Inc -I../Drivers/STM32G4xx_HAL_Driver/Inc/Legacy -I../Drivers/CMSIS/Device/ST/STM32G4xx/Include -I../Drivers/CMSIS/Include -I../Middlewares/Third_Party/ARM_CMSIS/CMSIS/Core/Include/ -I../Middlewares/Third_Party/ARM_CMSIS/PrivateInclude/ -I../Middlewares/Third_Party/ARM_CMSIS/Include/ -I../Middlewares/Third_Party/ARM_CMSIS/Include -I"D:/KMUTT/FIBO/year 2/2/FRA262/stubeef-Firmware/Firmware/stubeef/Source/BasicMathFunctions" -I"D:/KMUTT/FIBO/year 2/2/FRA262/stubeef-Firmware/Firmware/stubeef/Source/BayesFunctions" -I"D:/KMUTT/FIBO/year 2/2/FRA262/stubeef-Firmware/Firmware/stubeef/Source/CommonTables" -I"D:/KMUTT/FIBO/year 2/2/FRA262/stubeef-Firmware/Firmware/stubeef/Source/ComplexMathFunctions" -I"D:/KMUTT/FIBO/year 2/2/FRA262/stubeef-Firmware/Firmware/stubeef/Source/ControllerFunctions" -I"D:/KMUTT/FIBO/year 2/2/FRA262/stubeef-Firmware/Firmware/stubeef/Source/DistanceFunctions" -I"D:/KMUTT/FIBO/year 2/2/FRA262/stubeef-Firmware/Firmware/stubeef/Source/FastMathFunctions" -I"D:/KMUTT/FIBO/year 2/2/FRA262/stubeef-Firmware/Firmware/stubeef/Source/FilteringFunctions" -I"D:/KMUTT/FIBO/year 2/2/FRA262/stubeef-Firmware/Firmware/stubeef/Source/InterpolationFunctions" -I"D:/KMUTT/FIBO/year 2/2/FRA262/stubeef-Firmware/Firmware/stubeef/Source/MatrixFunctions" -I"D:/KMUTT/FIBO/year 2/2/FRA262/stubeef-Firmware/Firmware/stubeef/Source/QuaternionMathFunctions" -I"D:/KMUTT/FIBO/year 2/2/FRA262/stubeef-Firmware/Firmware/stubeef/Source/StatisticsFunctions" -I"D:/KMUTT/FIBO/year 2/2/FRA262/stubeef-Firmware/Firmware/stubeef/Source/SupportFunctions" -I"D:/KMUTT/FIBO/year 2/2/FRA262/stubeef-Firmware/Firmware/stubeef/Source/SVMFunctions" -I"D:/KMUTT/FIBO/year 2/2/FRA262/stubeef-Firmware/Firmware/stubeef/Source/TransformFunctions" -I"D:/KMUTT/FIBO/year 2/2/FRA262/stubeef-Firmware/Firmware/stubeef/Source/WindowFunctions" -O0 -ffunction-sections -fdata-sections -Wall -fstack-usage -fcyclomatic-complexity -MMD -MP -MF"Core/Src/main.d" -MT"Core/Src/main.o" --specs=nano.specs -mfpu=fpv4-sp-d16 -mfloat-abi=hard -mthumb -o "Core/Src/main.o"
arm-none-eabi-gcc -o "stubeef.elf" @"objects.list"   -mcpu=cortex-m4 -T"D:\KMUTT\FIBO\year 2\2\FRA262\stubeef-Firmware\Firmware\stubeef\STM32G474RETX_FLASH.ld" --specs=nosys.specs -Wl,-Map="stubeef.map" -Wl,--gc-sections -static --specs=nano.specs -mfpu=fpv4-sp-d16 -mfloat-abi=hard -mthumb -Wl,--start-group -lc -lm -Wl,--end-group
C:/ST/STM32CubeIDE_1.13.2/STM32CubeIDE/plugins/com.st.stm32cube.ide.mcu.externaltools.gnu-tools-for-stm32.12.3.rel1.win32_1.0.100.202403111256/tools/bin/../lib/gcc/arm-none-eabi/12.3.1/../../../../arm-none-eabi/bin/ld.exe: warning: stubeef.elf has a LOAD segment with RWX permissions
Finished building target: stubeef.elf
 
arm-none-eabi-size  stubeef.elf 
arm-none-eabi-objdump -h -S stubeef.elf  > "stubeef.list"
   text	   data	    bss	    dec	    hex	filename
  24796	     24	   2256	  27076	   69c4	stubeef.elf
Finished building: default.size.stdout
 
Finished building: stubeef.list
 
17:02:53 **** Incremental Build of configuration Debug for project stubeef ****
make -j16 all 
arm-none-eabi-gcc "../Core/Src/main.c" -mcpu=cortex-m4 -std=gnu11 -g3 -DDEBUG -DUSE_HAL_DRIVER -DSTM32G474xx -c -I../Core/Inc -I../Drivers/STM32G4xx_HAL_Driver/Inc -I../Drivers/STM32G4xx_HAL_Driver/Inc/Legacy -I../Drivers/CMSIS/Device/ST/STM32G4xx/Include -I../Drivers/CMSIS/Include -I../Middlewares/Third_Party/ARM_CMSIS/CMSIS/Core/Include/ -I../Middlewares/Third_Party/ARM_CMSIS/PrivateInclude/ -I../Middlewares/Third_Party/ARM_CMSIS/Include/ -I../Middlewares/Third_Party/ARM_CMSIS/Include -I"D:/KMUTT/FIBO/year 2/2/FRA262/stubeef-Firmware/Firmware/stubeef/Source/BasicMathFunctions" -I"D:/KMUTT/FIBO/year 2/2/FRA262/stubeef-Firmware/Firmware/stubeef/Source/BayesFunctions" -I"D:/KMUTT/FIBO/year 2/2/FRA262/stubeef-Firmware/Firmware/stubeef/Source/CommonTables" -I"D:/KMUTT/FIBO/year 2/2/FRA262/stubeef-Firmware/Firmware/stubeef/Source/ComplexMathFunctions" -I"D:/KMUTT/FIBO/year 2/2/FRA262/stubeef-Firmware/Firmware/stubeef/Source/ControllerFunctions" -I"D:/KMUTT/FIBO/year 2/2/FRA262/stubeef-Firmware/Firmware/stubeef/Source/DistanceFunctions" -I"D:/KMUTT/FIBO/year 2/2/FRA262/stubeef-Firmware/Firmware/stubeef/Source/FastMathFunctions" -I"D:/KMUTT/FIBO/year 2/2/FRA262/stubeef-Firmware/Firmware/stubeef/Source/FilteringFunctions" -I"D:/KMUTT/FIBO/year 2/2/FRA262/stubeef-Firmware/Firmware/stubeef/Source/InterpolationFunctions" -I"D:/KMUTT/FIBO/year 2/2/FRA262/stubeef-Firmware/Firmware/stubeef/Source/MatrixFunctions" -I"D:/KMUTT/FIBO/year 2/2/FRA262/stubeef-Firmware/Firmware/stubeef/Source/QuaternionMathFunctions" -I"D:/KMUTT/FIBO/year 2/2/FRA262/stubeef-Firmware/Firmware/stubeef/Source/StatisticsFunctions" -I"D:/KMUTT/FIBO/year 2/2/FRA262/stubeef-Firmware/Firmware/stubeef/Source/SupportFunctions" -I"D:/KMUTT/FIBO/year 2/2/FRA262/stubeef-Firmware/Firmware/stubeef/Source/SVMFunctions" -I"D:/KMUTT/FIBO/year 2/2/FRA262/stubeef-Firmware/Firmware/stubeef/Source/TransformFunctions" -I"D:/KMUTT/FIBO/year 2/2/FRA262/stubeef-Firmware/Firmware/stubeef/Source/WindowFunctions" -O0 -ffunction-sections -fdata-sections -Wall -fstack-usage -fcyclomatic-complexity -MMD -MP -MF"Core/Src/main.d" -MT"Core/Src/main.o" --specs=nano.specs -mfpu=fpv4-sp-d16 -mfloat-abi=hard -mthumb -o "Core/Src/main.o"
arm-none-eabi-gcc -o "stubeef.elf" @"objects.list"   -mcpu=cortex-m4 -T"D:\KMUTT\FIBO\year 2\2\FRA262\stubeef-Firmware\Firmware\stubeef\STM32G474RETX_FLASH.ld" --specs=nosys.specs -Wl,-Map="stubeef.map" -Wl,--gc-sections -static --specs=nano.specs -mfpu=fpv4-sp-d16 -mfloat-abi=hard -mthumb -Wl,--start-group -lc -lm -Wl,--end-group
C:/ST/STM32CubeIDE_1.13.2/STM32CubeIDE/plugins/com.st.stm32cube.ide.mcu.externaltools.gnu-tools-for-stm32.12.3.rel1.win32_1.0.100.202403111256/tools/bin/../lib/gcc/arm-none-eabi/12.3.1/../../../../arm-none-eabi/bin/ld.exe: warning: stubeef.elf has a LOAD segment with RWX permissions
Finished building target: stubeef.elf
 
arm-none-eabi-size  stubeef.elf 
arm-none-eabi-objdump -h -S stubeef.elf  > "stubeef.list"
   text	   data	    bss	    dec	    hex	filename
  24812	     24	   2264	  27100	   69dc	stubeef.elf
Finished building: default.size.stdout
 
Finished building: stubeef.list
 
17:11:13 **** Incremental Build of configuration Debug for project stubeef ****
make -j16 all 
arm-none-eabi-size  stubeef.elf 
   text	   data	    bss	    dec	    hex	filename
  24812	     24	   2264	  27100	   69dc	stubeef.elf
Finished building: default.size.stdout
 
17:11:38 **** Incremental Build of configuration Debug for project stubeef ****
make -j16 all 
arm-none-eabi-size  stubeef.elf 
   text	   data	    bss	    dec	    hex	filename
  24812	     24	   2264	  27100	   69dc	stubeef.elf
Finished building: default.size.stdout
 
17:11:56 **** Incremental Build of configuration Debug for project stubeef ****
make -j16 all 
arm-none-eabi-size  stubeef.elf 
   text	   data	    bss	    dec	    hex	filename
  24812	     24	   2264	  27100	   69dc	stubeef.elf
Finished building: default.size.stdout
 
17:15:16 **** Incremental Build of configuration Debug for project stubeef ****
make -j16 all 
arm-none-eabi-size  stubeef.elf 
   text	   data	    bss	    dec	    hex	filename
  24812	     24	   2264	  27100	   69dc	stubeef.elf
Finished building: default.size.stdout
 
17:15:46 **** Incremental Build of configuration Debug for project stubeef ****
make -j16 all 
arm-none-eabi-size  stubeef.elf 
   text	   data	    bss	    dec	    hex	filename
  24812	     24	   2264	  27100	   69dc	stubeef.elf
Finished building: default.size.stdout
 
17:18:02 **** Incremental Build of configuration Debug for project stubeef ****
make -j16 all 
arm-none-eabi-size  stubeef.elf 
   text	   data	    bss	    dec	    hex	filename
  24812	     24	   2264	  27100	   69dc	stubeef.elf
Finished building: default.size.stdout
 
17:38:13 **** Incremental Build of configuration Debug for project stubeef ****
make -j16 all 
arm-none-eabi-gcc "../Core/Src/main.c" -mcpu=cortex-m4 -std=gnu11 -g3 -DDEBUG -DUSE_HAL_DRIVER -DSTM32G474xx -c -I../Core/Inc -I../Drivers/STM32G4xx_HAL_Driver/Inc -I../Drivers/STM32G4xx_HAL_Driver/Inc/Legacy -I../Drivers/CMSIS/Device/ST/STM32G4xx/Include -I../Drivers/CMSIS/Include -I../Middlewares/Third_Party/ARM_CMSIS/CMSIS/Core/Include/ -I../Middlewares/Third_Party/ARM_CMSIS/PrivateInclude/ -I../Middlewares/Third_Party/ARM_CMSIS/Include/ -I../Middlewares/Third_Party/ARM_CMSIS/Include -I"D:/KMUTT/FIBO/year 2/2/FRA262/stubeef-Firmware/Firmware/stubeef/Source/BasicMathFunctions" -I"D:/KMUTT/FIBO/year 2/2/FRA262/stubeef-Firmware/Firmware/stubeef/Source/BayesFunctions" -I"D:/KMUTT/FIBO/year 2/2/FRA262/stubeef-Firmware/Firmware/stubeef/Source/CommonTables" -I"D:/KMUTT/FIBO/year 2/2/FRA262/stubeef-Firmware/Firmware/stubeef/Source/ComplexMathFunctions" -I"D:/KMUTT/FIBO/year 2/2/FRA262/stubeef-Firmware/Firmware/stubeef/Source/ControllerFunctions" -I"D:/KMUTT/FIBO/year 2/2/FRA262/stubeef-Firmware/Firmware/stubeef/Source/DistanceFunctions" -I"D:/KMUTT/FIBO/year 2/2/FRA262/stubeef-Firmware/Firmware/stubeef/Source/FastMathFunctions" -I"D:/KMUTT/FIBO/year 2/2/FRA262/stubeef-Firmware/Firmware/stubeef/Source/FilteringFunctions" -I"D:/KMUTT/FIBO/year 2/2/FRA262/stubeef-Firmware/Firmware/stubeef/Source/InterpolationFunctions" -I"D:/KMUTT/FIBO/year 2/2/FRA262/stubeef-Firmware/Firmware/stubeef/Source/MatrixFunctions" -I"D:/KMUTT/FIBO/year 2/2/FRA262/stubeef-Firmware/Firmware/stubeef/Source/QuaternionMathFunctions" -I"D:/KMUTT/FIBO/year 2/2/FRA262/stubeef-Firmware/Firmware/stubeef/Source/StatisticsFunctions" -I"D:/KMUTT/FIBO/year 2/2/FRA262/stubeef-Firmware/Firmware/stubeef/Source/SupportFunctions" -I"D:/KMUTT/FIBO/year 2/2/FRA262/stubeef-Firmware/Firmware/stubeef/Source/SVMFunctions" -I"D:/KMUTT/FIBO/year 2/2/FRA262/stubeef-Firmware/Firmware/stubeef/Source/TransformFunctions" -I"D:/KMUTT/FIBO/year 2/2/FRA262/stubeef-Firmware/Firmware/stubeef/Source/WindowFunctions" -O0 -ffunction-sections -fdata-sections -Wall -fstack-usage -fcyclomatic-complexity -MMD -MP -MF"Core/Src/main.d" -MT"Core/Src/main.o" --specs=nano.specs -mfpu=fpv4-sp-d16 -mfloat-abi=hard -mthumb -o "Core/Src/main.o"
arm-none-eabi-gcc -o "stubeef.elf" @"objects.list"   -mcpu=cortex-m4 -T"D:\KMUTT\FIBO\year 2\2\FRA262\stubeef-Firmware\Firmware\stubeef\STM32G474RETX_FLASH.ld" --specs=nosys.specs -Wl,-Map="stubeef.map" -Wl,--gc-sections -static --specs=nano.specs -mfpu=fpv4-sp-d16 -mfloat-abi=hard -mthumb -Wl,--start-group -lc -lm -Wl,--end-group
C:/ST/STM32CubeIDE_1.13.2/STM32CubeIDE/plugins/com.st.stm32cube.ide.mcu.externaltools.gnu-tools-for-stm32.12.3.rel1.win32_1.0.100.202403111256/tools/bin/../lib/gcc/arm-none-eabi/12.3.1/../../../../arm-none-eabi/bin/ld.exe: warning: stubeef.elf has a LOAD segment with RWX permissions
Finished building target: stubeef.elf
 
arm-none-eabi-size  stubeef.elf 
arm-none-eabi-objdump -h -S stubeef.elf  > "stubeef.list"
   text	   data	    bss	    dec	    hex	filename
  24920	     24	   2264	  27208	   6a48	stubeef.elf
Finished building: default.size.stdout
 
Finished building: stubeef.list
 
17:44:00 **** Incremental Build of configuration Debug for project stubeef ****
make -j16 all 
arm-none-eabi-size  stubeef.elf 
   text	   data	    bss	    dec	    hex	filename
  24920	     24	   2264	  27208	   6a48	stubeef.elf
Finished building: default.size.stdout
 
17:46:20 **** Incremental Build of configuration Debug for project stubeef ****
make -j16 all 
arm-none-eabi-size  stubeef.elf 
   text	   data	    bss	    dec	    hex	filename
  24920	     24	   2264	  27208	   6a48	stubeef.elf
Finished building: default.size.stdout
 
17:49:22 **** Incremental Build of configuration Debug for project stubeef ****
make -j16 all 
arm-none-eabi-size  stubeef.elf 
   text	   data	    bss	    dec	    hex	filename
  24920	     24	   2264	  27208	   6a48	stubeef.elf
Finished building: default.size.stdout
 
17:50:49 **** Incremental Build of configuration Debug for project stubeef ****
make -j16 all 
arm-none-eabi-gcc "../Core/Src/main.c" -mcpu=cortex-m4 -std=gnu11 -g3 -DDEBUG -DUSE_HAL_DRIVER -DSTM32G474xx -c -I../Core/Inc -I../Drivers/STM32G4xx_HAL_Driver/Inc -I../Drivers/STM32G4xx_HAL_Driver/Inc/Legacy -I../Drivers/CMSIS/Device/ST/STM32G4xx/Include -I../Drivers/CMSIS/Include -I../Middlewares/Third_Party/ARM_CMSIS/CMSIS/Core/Include/ -I../Middlewares/Third_Party/ARM_CMSIS/PrivateInclude/ -I../Middlewares/Third_Party/ARM_CMSIS/Include/ -I../Middlewares/Third_Party/ARM_CMSIS/Include -I"D:/KMUTT/FIBO/year 2/2/FRA262/stubeef-Firmware/Firmware/stubeef/Source/BasicMathFunctions" -I"D:/KMUTT/FIBO/year 2/2/FRA262/stubeef-Firmware/Firmware/stubeef/Source/BayesFunctions" -I"D:/KMUTT/FIBO/year 2/2/FRA262/stubeef-Firmware/Firmware/stubeef/Source/CommonTables" -I"D:/KMUTT/FIBO/year 2/2/FRA262/stubeef-Firmware/Firmware/stubeef/Source/ComplexMathFunctions" -I"D:/KMUTT/FIBO/year 2/2/FRA262/stubeef-Firmware/Firmware/stubeef/Source/ControllerFunctions" -I"D:/KMUTT/FIBO/year 2/2/FRA262/stubeef-Firmware/Firmware/stubeef/Source/DistanceFunctions" -I"D:/KMUTT/FIBO/year 2/2/FRA262/stubeef-Firmware/Firmware/stubeef/Source/FastMathFunctions" -I"D:/KMUTT/FIBO/year 2/2/FRA262/stubeef-Firmware/Firmware/stubeef/Source/FilteringFunctions" -I"D:/KMUTT/FIBO/year 2/2/FRA262/stubeef-Firmware/Firmware/stubeef/Source/InterpolationFunctions" -I"D:/KMUTT/FIBO/year 2/2/FRA262/stubeef-Firmware/Firmware/stubeef/Source/MatrixFunctions" -I"D:/KMUTT/FIBO/year 2/2/FRA262/stubeef-Firmware/Firmware/stubeef/Source/QuaternionMathFunctions" -I"D:/KMUTT/FIBO/year 2/2/FRA262/stubeef-Firmware/Firmware/stubeef/Source/StatisticsFunctions" -I"D:/KMUTT/FIBO/year 2/2/FRA262/stubeef-Firmware/Firmware/stubeef/Source/SupportFunctions" -I"D:/KMUTT/FIBO/year 2/2/FRA262/stubeef-Firmware/Firmware/stubeef/Source/SVMFunctions" -I"D:/KMUTT/FIBO/year 2/2/FRA262/stubeef-Firmware/Firmware/stubeef/Source/TransformFunctions" -I"D:/KMUTT/FIBO/year 2/2/FRA262/stubeef-Firmware/Firmware/stubeef/Source/WindowFunctions" -O0 -ffunction-sections -fdata-sections -Wall -fstack-usage -fcyclomatic-complexity -MMD -MP -MF"Core/Src/main.d" -MT"Core/Src/main.o" --specs=nano.specs -mfpu=fpv4-sp-d16 -mfloat-abi=hard -mthumb -o "Core/Src/main.o"
arm-none-eabi-gcc -o "stubeef.elf" @"objects.list"   -mcpu=cortex-m4 -T"D:\KMUTT\FIBO\year 2\2\FRA262\stubeef-Firmware\Firmware\stubeef\STM32G474RETX_FLASH.ld" --specs=nosys.specs -Wl,-Map="stubeef.map" -Wl,--gc-sections -static --specs=nano.specs -mfpu=fpv4-sp-d16 -mfloat-abi=hard -mthumb -Wl,--start-group -lc -lm -Wl,--end-group
C:/ST/STM32CubeIDE_1.13.2/STM32CubeIDE/plugins/com.st.stm32cube.ide.mcu.externaltools.gnu-tools-for-stm32.12.3.rel1.win32_1.0.100.202403111256/tools/bin/../lib/gcc/arm-none-eabi/12.3.1/../../../../arm-none-eabi/bin/ld.exe: warning: stubeef.elf has a LOAD segment with RWX permissions
Finished building target: stubeef.elf
 
arm-none-eabi-size  stubeef.elf 
arm-none-eabi-objdump -h -S stubeef.elf  > "stubeef.list"
   text	   data	    bss	    dec	    hex	filename
  24920	     24	   2264	  27208	   6a48	stubeef.elf
Finished building: default.size.stdout
 
Finished building: stubeef.list
 
18:09:18 **** Incremental Build of configuration Debug for project stubeef ****
make -j16 all 
arm-none-eabi-gcc "../Core/Src/main.c" -mcpu=cortex-m4 -std=gnu11 -g3 -DDEBUG -DUSE_HAL_DRIVER -DSTM32G474xx -c -I../Core/Inc -I../Drivers/STM32G4xx_HAL_Driver/Inc -I../Drivers/STM32G4xx_HAL_Driver/Inc/Legacy -I../Drivers/CMSIS/Device/ST/STM32G4xx/Include -I../Drivers/CMSIS/Include -I../Middlewares/Third_Party/ARM_CMSIS/CMSIS/Core/Include/ -I../Middlewares/Third_Party/ARM_CMSIS/PrivateInclude/ -I../Middlewares/Third_Party/ARM_CMSIS/Include/ -I../Middlewares/Third_Party/ARM_CMSIS/Include -I"D:/KMUTT/FIBO/year 2/2/FRA262/stubeef-Firmware/Firmware/stubeef/Source/BasicMathFunctions" -I"D:/KMUTT/FIBO/year 2/2/FRA262/stubeef-Firmware/Firmware/stubeef/Source/BayesFunctions" -I"D:/KMUTT/FIBO/year 2/2/FRA262/stubeef-Firmware/Firmware/stubeef/Source/CommonTables" -I"D:/KMUTT/FIBO/year 2/2/FRA262/stubeef-Firmware/Firmware/stubeef/Source/ComplexMathFunctions" -I"D:/KMUTT/FIBO/year 2/2/FRA262/stubeef-Firmware/Firmware/stubeef/Source/ControllerFunctions" -I"D:/KMUTT/FIBO/year 2/2/FRA262/stubeef-Firmware/Firmware/stubeef/Source/DistanceFunctions" -I"D:/KMUTT/FIBO/year 2/2/FRA262/stubeef-Firmware/Firmware/stubeef/Source/FastMathFunctions" -I"D:/KMUTT/FIBO/year 2/2/FRA262/stubeef-Firmware/Firmware/stubeef/Source/FilteringFunctions" -I"D:/KMUTT/FIBO/year 2/2/FRA262/stubeef-Firmware/Firmware/stubeef/Source/InterpolationFunctions" -I"D:/KMUTT/FIBO/year 2/2/FRA262/stubeef-Firmware/Firmware/stubeef/Source/MatrixFunctions" -I"D:/KMUTT/FIBO/year 2/2/FRA262/stubeef-Firmware/Firmware/stubeef/Source/QuaternionMathFunctions" -I"D:/KMUTT/FIBO/year 2/2/FRA262/stubeef-Firmware/Firmware/stubeef/Source/StatisticsFunctions" -I"D:/KMUTT/FIBO/year 2/2/FRA262/stubeef-Firmware/Firmware/stubeef/Source/SupportFunctions" -I"D:/KMUTT/FIBO/year 2/2/FRA262/stubeef-Firmware/Firmware/stubeef/Source/SVMFunctions" -I"D:/KMUTT/FIBO/year 2/2/FRA262/stubeef-Firmware/Firmware/stubeef/Source/TransformFunctions" -I"D:/KMUTT/FIBO/year 2/2/FRA262/stubeef-Firmware/Firmware/stubeef/Source/WindowFunctions" -O0 -ffunction-sections -fdata-sections -Wall -fstack-usage -fcyclomatic-complexity -MMD -MP -MF"Core/Src/main.d" -MT"Core/Src/main.o" --specs=nano.specs -mfpu=fpv4-sp-d16 -mfloat-abi=hard -mthumb -o "Core/Src/main.o"
arm-none-eabi-gcc -o "stubeef.elf" @"objects.list"   -mcpu=cortex-m4 -T"D:\KMUTT\FIBO\year 2\2\FRA262\stubeef-Firmware\Firmware\stubeef\STM32G474RETX_FLASH.ld" --specs=nosys.specs -Wl,-Map="stubeef.map" -Wl,--gc-sections -static --specs=nano.specs -mfpu=fpv4-sp-d16 -mfloat-abi=hard -mthumb -Wl,--start-group -lc -lm -Wl,--end-group
C:/ST/STM32CubeIDE_1.13.2/STM32CubeIDE/plugins/com.st.stm32cube.ide.mcu.externaltools.gnu-tools-for-stm32.12.3.rel1.win32_1.0.100.202403111256/tools/bin/../lib/gcc/arm-none-eabi/12.3.1/../../../../arm-none-eabi/bin/ld.exe: warning: stubeef.elf has a LOAD segment with RWX permissions
Finished building target: stubeef.elf
 
arm-none-eabi-size  stubeef.elf 
arm-none-eabi-objdump -h -S stubeef.elf  > "stubeef.list"
   text	   data	    bss	    dec	    hex	filename
  24920	     24	   2264	  27208	   6a48	stubeef.elf
Finished building: default.size.stdout
 
Finished building: stubeef.list
 
18:13:36 **** Incremental Build of configuration Debug for project stubeef ****
make -j16 all 
arm-none-eabi-size  stubeef.elf 
   text	   data	    bss	    dec	    hex	filename
  24920	     24	   2264	  27208	   6a48	stubeef.elf
Finished building: default.size.stdout
 
