10:59:02 **** Incremental Build of configuration Debug for project stubeef ****
make -j16 all 
arm-none-eabi-gcc "../Core/Src/main.c" -mcpu=cortex-m4 -std=gnu11 -g3 -DDEBUG -DUSE_HAL_DRIVER -DSTM32G474xx -c -I../Core/Inc -I../Drivers/STM32G4xx_HAL_Driver/Inc -I../Drivers/STM32G4xx_HAL_Driver/Inc/Legacy -I../Drivers/CMSIS/Device/ST/STM32G4xx/Include -I../Drivers/CMSIS/Include -I../Middlewares/Third_Party/ARM_CMSIS/CMSIS/Core/Include/ -I../Middlewares/Third_Party/ARM_CMSIS/PrivateInclude/ -I../Middlewares/Third_Party/ARM_CMSIS/Include/ -I../Middlewares/Third_Party/ARM_CMSIS/Include -I"D:/KMUTT/FIBO/year 2/2/FRA262/stubeef-Firmware/Firmware/stubeef/Source/BasicMathFunctions" -I"D:/KMUTT/FIBO/year 2/2/FRA262/stubeef-Firmware/Firmware/stubeef/Source/BayesFunctions" -I"D:/KMUTT/FIBO/year 2/2/FRA262/stubeef-Firmware/Firmware/stubeef/Source/CommonTables" -I"D:/KMUTT/FIBO/year 2/2/FRA262/stubeef-Firmware/Firmware/stubeef/Source/ComplexMathFunctions" -I"D:/KMUTT/FIBO/year 2/2/FRA262/stubeef-Firmware/Firmware/stubeef/Source/ControllerFunctions" -I"D:/KMUTT/FIBO/year 2/2/FRA262/stubeef-Firmware/Firmware/stubeef/Source/DistanceFunctions" -I"D:/KMUTT/FIBO/year 2/2/FRA262/stubeef-Firmware/Firmware/stubeef/Source/FastMathFunctions" -I"D:/KMUTT/FIBO/year 2/2/FRA262/stubeef-Firmware/Firmware/stubeef/Source/FilteringFunctions" -I"D:/KMUTT/FIBO/year 2/2/FRA262/stubeef-Firmware/Firmware/stubeef/Source/InterpolationFunctions" -I"D:/KMUTT/FIBO/year 2/2/FRA262/stubeef-Firmware/Firmware/stubeef/Source/MatrixFunctions" -I"D:/KMUTT/FIBO/year 2/2/FRA262/stubeef-Firmware/Firmware/stubeef/Source/QuaternionMathFunctions" -I"D:/KMUTT/FIBO/year 2/2/FRA262/stubeef-Firmware/Firmware/stubeef/Source/StatisticsFunctions" -I"D:/KMUTT/FIBO/year 2/2/FRA262/stubeef-Firmware/Firmware/stubeef/Source/SupportFunctions" -I"D:/KMUTT/FIBO/year 2/2/FRA262/stubeef-Firmware/Firmware/stubeef/Source/SVMFunctions" -I"D:/KMUTT/FIBO/year 2/2/FRA262/stubeef-Firmware/Firmware/stubeef/Source/TransformFunctions" -I"D:/KMUTT/FIBO/year 2/2/FRA262/stubeef-Firmware/Firmware/stubeef/Source/WindowFunctions" -O0 -ffunction-sections -fdata-sections -Wall -fstack-usage -fcyclomatic-complexity -MMD -MP -MF"Core/Src/main.d" -MT"Core/Src/main.o" --specs=nano.specs -mfpu=fpv4-sp-d16 -mfloat-abi=hard -mthumb -o "Core/Src/main.o"
arm-none-eabi-gcc -o "stubeef.elf" @"objects.list"   -mcpu=cortex-m4 -T"D:\KMUTT\FIBO\year 2\2\FRA262\stubeef-Firmware\Firmware\stubeef\STM32G474RETX_FLASH.ld" --specs=nosys.specs -Wl,-Map="stubeef.map" -Wl,--gc-sections -static --specs=nano.specs -mfpu=fpv4-sp-d16 -mfloat-abi=hard -mthumb -Wl,--start-group -lc -lm -Wl,--end-group
C:/ST/STM32CubeIDE_1.13.2/STM32CubeIDE/plugins/com.st.stm32cube.ide.mcu.externaltools.gnu-tools-for-stm32.12.3.rel1.win32_1.0.100.202403111256/tools/bin/../lib/gcc/arm-none-eabi/12.3.1/../../../../arm-none-eabi/bin/ld.exe: warning: stubeef.elf has a LOAD segment with RWX permissions
Finished building target: stubeef.elf
 
arm-none-eabi-size  stubeef.elf 
arm-none-eabi-objdump -h -S stubeef.elf  > "stubeef.list"
   text	   data	    bss	    dec	    hex	filename
  24572	     20	   2256	  26848	   68e0	stubeef.elf
Finished building: default.size.stdout
 
Finished building: stubeef.list
 

10:59:04 Build Finished. 0 errors, 1 warnings. (took 2s.415ms)

