../Core/Src/main.c:145:5:main	24	static
../Core/Src/main.c:268:6:SystemClock_Config	88	static
../Core/Src/main.c:315:13:MX_I2C1_Init	8	static
../Core/Src/main.c:363:13:MX_LPUART1_UART_Init	8	static
../Core/Src/main.c:410:13:MX_TIM1_Init	104	static
../Core/Src/main.c:482:13:MX_TIM2_Init	40	static
../Core/Src/main.c:527:13:MX_TIM3_Init	56	static
../Core/Src/main.c:576:13:MX_TIM5_Init	40	static
../Core/Src/main.c:621:13:MX_GPIO_Init	48	static
../Core/Src/main.c:698:6:HAL_TIM_PeriodElapsedCallback	24	static
../Core/Src/main.c:707:10:Micros	40	static
../Core/Src/main.c:716:6:QEIEncoderPosVel_Update	32	static
../Core/Src/main.c:754:6:ReadLogicConv	8	static
../Core/Src/main.c:761:6:ReadButton	8	static
../Core/Src/main.c:769:6:ReadLimit	8	static
../Core/Src/main.c:775:6:MotorDrive	24	static
../Core/Src/main.c:794:6:RelayDrive	8	static
../Core/Src/main.c:806:6:Error_Handler	4	static,ignoring_inline_asm
